stm32wbxx_ll_pwr.h:1615:22:LL_PWR_EnableBootC2	4	static
stm32wbxx_ll_exti.h:793:22:LL_C2_EXTI_EnableEvent_32_63	16	static
stm32wbxx_ll_exti.h:1051:22:LL_EXTI_EnableRisingTrig_32_63	16	static
stm32wbxx_ll_bus.h:744:22:LL_AHB3_GRP1_EnableClock	24	static
stm32wbxx_ll_bus.h:1782:22:LL_C2_AHB3_GRP1_EnableClock	24	static
stm32wbxx_ll_ipcc.h:137:22:LL_C1_IPCC_EnableIT_TXF	16	static
stm32wbxx_ll_ipcc.h:170:22:LL_C1_IPCC_EnableIT_RXO	16	static
stm32wbxx_ll_ipcc.h:289:22:LL_C1_IPCC_EnableTransmitChannel	16	static
stm32wbxx_ll_ipcc.h:312:22:LL_C1_IPCC_DisableTransmitChannel	16	static
stm32wbxx_ll_ipcc.h:358:22:LL_C1_IPCC_EnableReceiveChannel	16	static
stm32wbxx_ll_ipcc.h:381:22:LL_C1_IPCC_DisableReceiveChannel	16	static
stm32wbxx_ll_ipcc.h:574:22:LL_C1_IPCC_ClearFlag_CHx	16	static
stm32wbxx_ll_ipcc.h:598:22:LL_C1_IPCC_SetFlag_CHx	16	static
stm32wbxx_ll_ipcc.h:621:26:LL_C1_IPCC_IsActiveFlag_CHx	16	static
stm32wbxx_ll_ipcc.h:692:26:LL_C2_IPCC_IsActiveFlag_CHx	16	static
hw_ipcc.c:74:6:HW_IPCC_Rx_Handler	8	static
hw_ipcc.c:138:6:HW_IPCC_Tx_Handler	8	static
hw_ipcc.c:180:6:HW_IPCC_Enable	8	static,ignoring_inline_asm
hw_ipcc.c:210:6:HW_IPCC_Init	8	static
hw_ipcc.c:226:6:HW_IPCC_BLE_Init	8	static
hw_ipcc.c:233:6:HW_IPCC_BLE_SendCmd	8	static
hw_ipcc.c:240:13:HW_IPCC_BLE_EvtHandler	8	static
hw_ipcc.c:249:6:HW_IPCC_BLE_SendAclData	8	static
hw_ipcc.c:257:13:HW_IPCC_BLE_AclDataEvtHandler	8	static
hw_ipcc.c:266:13:HW_IPCC_BLE_AclDataAckNot	4	static
hw_ipcc.c:267:13:HW_IPCC_BLE_RxEvtNot	4	static
hw_ipcc.c:272:6:HW_IPCC_SYS_Init	8	static
hw_ipcc.c:279:6:HW_IPCC_SYS_SendCmd	8	static
hw_ipcc.c:287:13:HW_IPCC_SYS_CmdEvtHandler	8	static
hw_ipcc.c:296:13:HW_IPCC_SYS_EvtHandler	8	static
hw_ipcc.c:305:13:HW_IPCC_SYS_CmdEvtNot	4	static
hw_ipcc.c:306:13:HW_IPCC_SYS_EvtNot	4	static
hw_ipcc.c:485:6:HW_IPCC_BLE_LLD_Init	8	static
hw_ipcc.c:492:6:HW_IPCC_BLE_LLD_SendCliCmd	8	static
hw_ipcc.c:505:6:HW_IPCC_BLE_LLD_SendCliRspAck	8	static
hw_ipcc.c:512:13:HW_IPCC_BLE_LLD_ReceiveM0CmdHandler	8	static
hw_ipcc.c:520:6:HW_IPCC_BLE_LLD_SendM0CmdAck	8	static
hw_ipcc.c:526:13:HW_IPCC_BLE_LLD_ReceiveCliRsp	4	static
hw_ipcc.c:527:13:HW_IPCC_BLE_LLD_ReceiveM0Cmd	4	static
hw_ipcc.c:530:6:HW_IPCC_BLE_LLD_SendCmd	8	static
hw_ipcc.c:536:13:HW_IPCC_BLE_LLD_ReceiveRspHandler	8	static
hw_ipcc.c:543:6:HW_IPCC_BLE_LLD_SendRspAck	8	static
hw_ipcc.c:623:6:HW_IPCC_MM_SendFreeBuf	16	static
hw_ipcc.c:640:13:HW_IPCC_MM_FreeBufHandler	8	static
hw_ipcc.c:654:6:HW_IPCC_TRACES_Init	8	static
hw_ipcc.c:661:13:HW_IPCC_TRACES_EvtHandler	8	static
hw_ipcc.c:670:13:HW_IPCC_TRACES_EvtNot	4	static
