stm32wbxx_ll_pwr.h:775:22:LL_PWR_DisableInternWU	4	static
stm32wbxx_ll_exti.h:391:22:LL_EXTI_EnableIT_32_63	16	static
stm32wbxx_ll_exti.h:417:22:LL_C2_EXTI_EnableIT_32_63	16	static
stm32wbxx_ll_rcc.h:1497:22:LL_RCC_HSI_EnableAutoFromStop	4	static
stm32wbxx_ll_rcc.h:2330:22:LL_RCC_SetClkAfterWakeFromStop	16	static
app_entry.c:91:6:APPE_Init	8	static
app_entry.c:126:13:Init_Debug	8	static
app_entry.c:171:13:SystemPower_Config	8	static
app_entry.c:195:13:appe_Tl_Init	40	static
app_entry.c:222:13:APPE_SysStatusNot	16	static
app_entry.c:237:13:APPE_SysUserEvtRx	24	static
app_entry.c:265:13:APPE_SysEvtError	16	static
app_entry.c:284:13:APPE_SysEvtReadyProcessing	8	static
app_entry.c:302:13:Led_Init	8	static
app_entry.c:319:13:Button_Init	8	static
app_entry.c:342:6:UTIL_SEQ_Idle	4	static
app_entry.c:351:6:shci_notify_asynch_evt	16	static
app_entry.c:358:6:shci_cmd_resp_release	16	static
app_entry.c:365:6:shci_cmd_resp_wait	16	static
app_entry.c:373:6:TL_TRACES_EvtReceived	16	static
app_entry.c:390:6:DbgOutputInit	8	static
app_entry.c:406:6:DbgOutputTraces	24	static
