stm32wbxx_ll_exti.h:460:22:LL_EXTI_DisableIT_0_31	16	static
stm32wbxx_ll_exti.h:529:22:LL_EXTI_DisableIT_32_63	16	static
stm32wbxx_ll_rcc.h:1346:22:LL_RCC_HSE_SetCapacitorTuning	16	static
stm32wbxx_ll_rcc.h:1666:22:LL_RCC_LSE_SetDriveCapability	16	static
stm32wbxx_ll_rcc.h:2894:22:LL_RCC_ForceBackupDomainReset	4	static
stm32wbxx_ll_rcc.h:2904:22:LL_RCC_ReleaseBackupDomainReset	4	static
stm32wbxx_ll_rcc.h:4119:26:LL_RCC_IsActiveFlag_PINRST	4	static
stm32wbxx_ll_rcc.h:4129:26:LL_RCC_IsActiveFlag_SFTRST	4	static
stm32wbxx_ll_bus.h:364:22:LL_AHB1_GRP1_EnableClock	24	static
stm32wbxx_ll_bus.h:744:22:LL_AHB3_GRP1_EnableClock	24	static
stm32wbxx_ll_ipcc.h:312:22:LL_C1_IPCC_DisableTransmitChannel	16	static
stm32wbxx_ll_ipcc.h:381:22:LL_C1_IPCC_DisableReceiveChannel	16	static
stm32wbxx_ll_ipcc.h:450:22:LL_C2_IPCC_DisableTransmitChannel	16	static
stm32wbxx_ll_ipcc.h:519:22:LL_C2_IPCC_DisableReceiveChannel	16	static
stm32wbxx_ll_ipcc.h:574:22:LL_C1_IPCC_ClearFlag_CHx	16	static
stm32wbxx_ll_ipcc.h:645:22:LL_C2_IPCC_ClearFlag_CHx	16	static
stm32wbxx_ll_cortex.h:311:22:LL_LPM_EnableSleep	4	static
main.c:97:5:main	8	static
main.c:156:6:SystemClock_Config_HSE	120	static
main.c:236:6:SystemClock_Config_MSI	120	static
main.c:320:13:SystemClock_Config	88	static
main.c:352:13:MX_DMA_Init	8	static
main.c:367:13:PeriphClock_Config	88	static
main.c:401:13:Config_HSE	16	static
main.c:418:13:Reset_Device	8	static
main.c:429:13:Reset_IPCC	8	static
main.c:466:13:Reset_BackupDomain	8	static
main.c:485:13:Init_Exti	8	static
main.c:499:6:HAL_Delay	24	static,ignoring_inline_asm
main.c:533:6:Error_Handler	8	static
