stm32wbxx_it.c:71:6:NMI_Handler	4	static
stm32wbxx_it.c:84:6:HardFault_Handler	8	static
stm32wbxx_it.c:100:6:MemManage_Handler	4	static
stm32wbxx_it.c:115:6:BusFault_Handler	4	static
stm32wbxx_it.c:130:6:UsageFault_Handler	4	static
stm32wbxx_it.c:145:6:SVC_Handler	4	static
stm32wbxx_it.c:158:6:DebugMon_Handler	4	static
stm32wbxx_it.c:171:6:PendSV_Handler	4	static
stm32wbxx_it.c:184:6:SysTick_Handler	8	static
stm32wbxx_it.c:204:6:DMA1_Channel4_IRQHandler	8	static
stm32wbxx_it.c:222:6:DMA1_Channel5_IRQHandler	8	static
stm32wbxx_it.c:240:6:USART1_IRQHandler	8	static
stm32wbxx_it.c:256:6:LPUART1_IRQHandler	8	static
stm32wbxx_it.c:276:6:EXTI4_IRQHandler	8	static
stm32wbxx_it.c:287:6:EXTI0_IRQHandler	8	static
stm32wbxx_it.c:298:6:EXTI1_IRQHandler	8	static
stm32wbxx_it.c:311:6:IPCC_C1_TX_IRQHandler	8	static
stm32wbxx_it.c:318:6:IPCC_C1_RX_IRQHandler	8	static
