stm32wbxx_ll_rcc.h:1667:22:LL_RCC_LSE_SetDriveCapability	16	static
stm32wbxx_ll_bus.h:365:22:LL_AHB1_GRP1_EnableClock	24	static
stm32wbxx_ll_bus.h:540:22:LL_AHB2_GRP1_EnableClock	24	static
main.c:78:5:main	8	static
main.c:134:6:SystemClock_Config	192	static
main.c:221:13:MX_IPCC_Init	8	static
main.c:247:13:MX_RF_Init	4	static
main.c:268:13:MX_RTC_Init	8	static
main.c:309:6:MX_USART1_UART_Init	8	static
main.c:357:13:MX_USB_PCD_Init	8	static
main.c:388:13:MX_DMA_Init	8	static
main.c:410:13:MX_GPIO_Init	8	static
main.c:427:6:Error_Handler	4	static,ignoring_inline_asm
