Archive member included to satisfy reference by file (symbol)

c:/st/stm32cubeide_1.6.1/stm32cubeide/plugins/com.st.stm32cube.ide.mcu.externaltools.gnu-tools-for-stm32.9-2020-q2-update.win32_2.0.0.202105311346/tools/bin/../lib/gcc/arm-none-eabi/9.3.1/../../../../arm-none-eabi/lib/thumb/v7e-m+fp/hard\libc_nano.a(lib_a-errno.o)
                              ./Application/User/Core/syscalls.o (__errno)
c:/st/stm32cubeide_1.6.1/stm32cubeide/plugins/com.st.stm32cube.ide.mcu.externaltools.gnu-tools-for-stm32.9-2020-q2-update.win32_2.0.0.202105311346/tools/bin/../lib/gcc/arm-none-eabi/9.3.1/../../../../arm-none-eabi/lib/thumb/v7e-m+fp/hard\libc_nano.a(lib_a-exit.o)
                              c:/st/stm32cubeide_1.6.1/stm32cubeide/plugins/com.st.stm32cube.ide.mcu.externaltools.gnu-tools-for-stm32.9-2020-q2-update.win32_2.0.0.202105311346/tools/bin/../lib/gcc/arm-none-eabi/9.3.1/../../../../arm-none-eabi/lib/thumb/v7e-m+fp/hard/crt0.o (exit)
c:/st/stm32cubeide_1.6.1/stm32cubeide/plugins/com.st.stm32cube.ide.mcu.externaltools.gnu-tools-for-stm32.9-2020-q2-update.win32_2.0.0.202105311346/tools/bin/../lib/gcc/arm-none-eabi/9.3.1/../../../../arm-none-eabi/lib/thumb/v7e-m+fp/hard\libc_nano.a(lib_a-impure.o)
                              c:/st/stm32cubeide_1.6.1/stm32cubeide/plugins/com.st.stm32cube.ide.mcu.externaltools.gnu-tools-for-stm32.9-2020-q2-update.win32_2.0.0.202105311346/tools/bin/../lib/gcc/arm-none-eabi/9.3.1/../../../../arm-none-eabi/lib/thumb/v7e-m+fp/hard\libc_nano.a(lib_a-exit.o) (_global_impure_ptr)
c:/st/stm32cubeide_1.6.1/stm32cubeide/plugins/com.st.stm32cube.ide.mcu.externaltools.gnu-tools-for-stm32.9-2020-q2-update.win32_2.0.0.202105311346/tools/bin/../lib/gcc/arm-none-eabi/9.3.1/../../../../arm-none-eabi/lib/thumb/v7e-m+fp/hard\libc_nano.a(lib_a-init.o)
                              c:/st/stm32cubeide_1.6.1/stm32cubeide/plugins/com.st.stm32cube.ide.mcu.externaltools.gnu-tools-for-stm32.9-2020-q2-update.win32_2.0.0.202105311346/tools/bin/../lib/gcc/arm-none-eabi/9.3.1/../../../../arm-none-eabi/lib/thumb/v7e-m+fp/hard/crt0.o (__libc_init_array)
c:/st/stm32cubeide_1.6.1/stm32cubeide/plugins/com.st.stm32cube.ide.mcu.externaltools.gnu-tools-for-stm32.9-2020-q2-update.win32_2.0.0.202105311346/tools/bin/../lib/gcc/arm-none-eabi/9.3.1/../../../../arm-none-eabi/lib/thumb/v7e-m+fp/hard\libc_nano.a(lib_a-memcpy-stub.o)
                              ./Middlewares/STM32_WPAN/ble_lld.o (memcpy)
c:/st/stm32cubeide_1.6.1/stm32cubeide/plugins/com.st.stm32cube.ide.mcu.externaltools.gnu-tools-for-stm32.9-2020-q2-update.win32_2.0.0.202105311346/tools/bin/../lib/gcc/arm-none-eabi/9.3.1/../../../../arm-none-eabi/lib/thumb/v7e-m+fp/hard\libc_nano.a(lib_a-memset.o)
                              c:/st/stm32cubeide_1.6.1/stm32cubeide/plugins/com.st.stm32cube.ide.mcu.externaltools.gnu-tools-for-stm32.9-2020-q2-update.win32_2.0.0.202105311346/tools/bin/../lib/gcc/arm-none-eabi/9.3.1/../../../../arm-none-eabi/lib/thumb/v7e-m+fp/hard/crt0.o (memset)
c:/st/stm32cubeide_1.6.1/stm32cubeide/plugins/com.st.stm32cube.ide.mcu.externaltools.gnu-tools-for-stm32.9-2020-q2-update.win32_2.0.0.202105311346/tools/bin/../lib/gcc/arm-none-eabi/9.3.1/../../../../arm-none-eabi/lib/thumb/v7e-m+fp/hard\libc_nano.a(lib_a-printf.o)
                              ./Application/User/Core/stm_logging.o (printf)
c:/st/stm32cubeide_1.6.1/stm32cubeide/plugins/com.st.stm32cube.ide.mcu.externaltools.gnu-tools-for-stm32.9-2020-q2-update.win32_2.0.0.202105311346/tools/bin/../lib/gcc/arm-none-eabi/9.3.1/../../../../arm-none-eabi/lib/thumb/v7e-m+fp/hard\libc_nano.a(lib_a-snprintf.o)
                              ./Application/User/Core/stm_logging.o (snprintf)
c:/st/stm32cubeide_1.6.1/stm32cubeide/plugins/com.st.stm32cube.ide.mcu.externaltools.gnu-tools-for-stm32.9-2020-q2-update.win32_2.0.0.202105311346/tools/bin/../lib/gcc/arm-none-eabi/9.3.1/../../../../arm-none-eabi/lib/thumb/v7e-m+fp/hard\libc_nano.a(lib_a-strlen.o)
                              ./Application/User/STM32_WPAN/App/app_ble_lld.o (strlen)
c:/st/stm32cubeide_1.6.1/stm32cubeide/plugins/com.st.stm32cube.ide.mcu.externaltools.gnu-tools-for-stm32.9-2020-q2-update.win32_2.0.0.202105311346/tools/bin/../lib/gcc/arm-none-eabi/9.3.1/../../../../arm-none-eabi/lib/thumb/v7e-m+fp/hard\libc_nano.a(lib_a-strrchr.o)
                              ./Middlewares/STM32_WPAN/dbg_trace.o (strrchr)
c:/st/stm32cubeide_1.6.1/stm32cubeide/plugins/com.st.stm32cube.ide.mcu.externaltools.gnu-tools-for-stm32.9-2020-q2-update.win32_2.0.0.202105311346/tools/bin/../lib/gcc/arm-none-eabi/9.3.1/../../../../arm-none-eabi/lib/thumb/v7e-m+fp/hard\libc_nano.a(lib_a-vprintf.o)
                              ./Middlewares/STM32_WPAN/dbg_trace.o (vprintf)
c:/st/stm32cubeide_1.6.1/stm32cubeide/plugins/com.st.stm32cube.ide.mcu.externaltools.gnu-tools-for-stm32.9-2020-q2-update.win32_2.0.0.202105311346/tools/bin/../lib/gcc/arm-none-eabi/9.3.1/../../../../arm-none-eabi/lib/thumb/v7e-m+fp/hard\libc_nano.a(lib_a-vsnprintf.o)
[...]
Memory Configuration

Name             Origin             Length             Attributes
FLASH            0x0000000008000000 0x0000000000080000 xr
RAM1             0x0000000020000008 0x000000000002fff8 xrw
RAM_SHARED       0x0000000020030000 0x0000000000002800 xrw
*default*        0x0000000000000000 0xffffffffffffffff

Linker script and memory map

LOAD c:/st/stm32cubeide_1.6.1/stm32cubeide/plugins/com.st.stm32cube.ide.mcu.externaltools.gnu-tools-for-stm32.9-2020-q2-update.win32_2.0.0.202105311346/tools/bin/../lib/gcc/arm-none-eabi/9.3.1/thumb/v7e-m+fp/hard/crti.o
LOAD c:/st/stm32cubeide_1.6.1/stm32cubeide/plugins/com.st.stm32cube.ide.mcu.externaltools.gnu-tools-for-stm32.9-2020-q2-update.win32_2.0.0.202105311346/tools/bin/../lib/gcc/arm-none-eabi/9.3.1/thumb/v7e-m+fp/hard/crtbegin.o
LOAD c:/st/stm32cubeide_1.6.1/stm32cubeide/plugins/com.st.stm32cube.ide.mcu.externaltools.gnu-tools-for-stm32.9-2020-q2-update.win32_2.0.0.202105311346/tools/bin/../lib/gcc/arm-none-eabi/9.3.1/../../../../arm-none-eabi/lib/thumb/v7e-m+fp/hard/crt0.o
LOAD ./Application/Startup/startup_stm32wb55rgvx.o
LOAD ./Application/User/Core/app_entry.o
LOAD ./Application/User/Core/gpio_lld.o
LOAD ./Application/User/Core/hw_uart.o
LOAD ./Application/User/Core/main.o
LOAD ./Application/User/Core/stm32_lpm_if.o
LOAD ./Application/User/Core/stm32wbxx_hal_msp.o
LOAD ./Application/User/Core/stm32wbxx_it.o
LOAD ./Application/User/Core/stm_logging.o
LOAD ./Application/User/Core/syscalls.o
LOAD ./Application/User/Core/sysmem.o
LOAD ./Application/User/STM32_WPAN/App/app_ble_lld.o
LOAD ./Application/User/STM32_WPAN/App/pressbutton_app.o
LOAD ./Application/User/STM32_WPAN/Target/hw_ipcc.o
LOAD ./Drivers/BSP/stm32wbxx_nucleo.o
LOAD ./Drivers/CMSIS/system_stm32wbxx.o
LOAD ./Drivers/STM32WBxx_HAL_Driver/stm32wbxx_hal.o
LOAD ./Drivers/STM32WBxx_HAL_Driver/stm32wbxx_hal_cortex.o
LOAD ./Drivers/STM32WBxx_HAL_Driver/stm32wbxx_hal_dma.o
LOAD ./Drivers/STM32WBxx_HAL_Driver/stm32wbxx_hal_dma_ex.o
LOAD ./Drivers/STM32WBxx_HAL_Driver/stm32wbxx_hal_exti.o
LOAD ./Drivers/STM32WBxx_HAL_Driver/stm32wbxx_hal_flash.o
LOAD ./Drivers/STM32WBxx_HAL_Driver/stm32wbxx_hal_flash_ex.o
LOAD ./Drivers/STM32WBxx_HAL_Driver/stm32wbxx_hal_gpio.o
LOAD ./Drivers/STM32WBxx_HAL_Driver/stm32wbxx_hal_hsem.o
LOAD ./Drivers/STM32WBxx_HAL_Driver/stm32wbxx_hal_pwr.o
LOAD ./Drivers/STM32WBxx_HAL_Driver/stm32wbxx_hal_pwr_ex.o
LOAD ./Drivers/STM32WBxx_HAL_Driver/stm32wbxx_hal_rcc.o
LOAD ./Drivers/STM32WBxx_HAL_Driver/stm32wbxx_hal_rcc_ex.o
LOAD ./Drivers/STM32WBxx_HAL_Driver/stm32wbxx_hal_tim.o
LOAD ./Drivers/STM32WBxx_HAL_Driver/stm32wbxx_hal_tim_ex.o
LOAD ./Drivers/STM32WBxx_HAL_Driver/stm32wbxx_hal_uart.o
LOAD ./Drivers/STM32WBxx_HAL_Driver/stm32wbxx_hal_uart_ex.o
LOAD ./Middlewares/STM32_WPAN/ble_hal.o
LOAD ./Middlewares/STM32_WPAN/ble_lld.o
LOAD ./Middlewares/STM32_WPAN/dbg_trace.o
LOAD ./Middlewares/STM32_WPAN/otp.o
LOAD ./Middlewares/STM32_WPAN/shci.o
LOAD ./Middlewares/STM32_WPAN/shci_tl.o
LOAD ./Middlewares/STM32_WPAN/shci_tl_if.o
LOAD ./Middlewares/STM32_WPAN/stm_list.o
LOAD ./Middlewares/STM32_WPAN/stm_queue.o
LOAD ./Middlewares/STM32_WPAN/tl_mbox.o
LOAD ./Utilities/stm32_lpm.o
LOAD ./Utilities/stm32_seq.o
START GROUP
LOAD c:/st/stm32cubeide_1.6.1/stm32cubeide/plugins/com.st.stm32cube.ide.mcu.externaltools.gnu-tools-for-stm32.9-2020-q2-update.win32_2.0.0.202105311346/tools/bin/../lib/gcc/arm-none-eabi/9.3.1/../../../../arm-none-eabi/lib/thumb/v7e-m+fp/hard\libc_nano.a
LOAD c:/st/stm32cubeide_1.6.1/stm32cubeide/plugins/com.st.stm32cube.ide.mcu.externaltools.gnu-tools-for-stm32.9-2020-q2-update.win32_2.0.0.202105311346/tools/bin/../lib/gcc/arm-none-eabi/9.3.1/../../../../arm-none-eabi/lib/thumb/v7e-m+fp/hard\libm.a
END GROUP
START GROUP
LOAD c:/st/stm32cubeide_1.6.1/stm32cubeide/plugins/com.st.stm32cube.ide.mcu.externaltools.gnu-tools-for-stm32.9-2020-q2-update.win32_2.0.0.202105311346/tools/bin/../lib/gcc/arm-none-eabi/9.3.1/thumb/v7e-m+fp/hard\libgcc.a
LOAD c:/st/stm32cubeide_1.6.1/stm32cubeide/plugins/com.st.stm32cube.ide.mcu.externaltools.gnu-tools-for-stm32.9-2020-q2-update.win32_2.0.0.202105311346/tools/bin/../lib/gcc/arm-none-eabi/9.3.1/../../../../arm-none-eabi/lib/thumb/v7e-m+fp/hard\libc_nano.a
END GROUP
START GROUP
LOAD c:/st/stm32cubeide_1.6.1/stm32cubeide/plugins/com.st.stm32cube.ide.mcu.externaltools.gnu-tools-for-stm32.9-2020-q2-update.win32_2.0.0.202105311346/tools/bin/../lib/gcc/arm-none-eabi/9.3.1/thumb/v7e-m+fp/hard\libgcc.a
LOAD c:/st/stm32cubeide_1.6.1/stm32cubeide/plugins/com.st.stm32cube.ide.mcu.externaltools.gnu-tools-for-stm32.9-2020-q2-update.win32_2.0.0.202105311346/tools/bin/../lib/gcc/arm-none-eabi/9.3.1/../../../../arm-none-eabi/lib/thumb/v7e-m+fp/hard\libc_nano.a
LOAD c:/st/stm32cubeide_1.6.1/stm32cubeide/plugins/com.st.stm32cube.ide.mcu.externaltools.gnu-tools-for-stm32.9-2020-q2-update.win32_2.0.0.202105311346/tools/bin/../lib/gcc/arm-none-eabi/9.3.1/../../../../arm-none-eabi/lib/thumb/v7e-m+fp/hard\libnosys.a
END GROUP
START GROUP
LOAD c:/st/stm32cubeide_1.6.1/stm32cubeide/plugins/com.st.stm32cube.ide.mcu.externaltools.gnu-tools-for-stm32.9-2020-q2-update.win32_2.0.0.202105311346/tools/bin/../lib/gcc/arm-none-eabi/9.3.1/thumb/v7e-m+fp/hard\libgcc.a
LOAD c:/st/stm32cubeide_1.6.1/stm32cubeide/plugins/com.st.stm32cube.ide.mcu.externaltools.gnu-tools-for-stm32.9-2020-q2-update.win32_2.0.0.202105311346/tools/bin/../lib/gcc/arm-none-eabi/9.3.1/../../../../arm-none-eabi/lib/thumb/v7e-m+fp/hard\libc_nano.a
LOAD c:/st/stm32cubeide_1.6.1/stm32cubeide/plugins/com.st.stm32cube.ide.mcu.externaltools.gnu-tools-for-stm32.9-2020-q2-update.win32_2.0.0.202105311346/tools/bin/../lib/gcc/arm-none-eabi/9.3.1/../../../../arm-none-eabi/lib/thumb/v7e-m+fp/hard\libnosys.a
END GROUP
LOAD c:/st/stm32cubeide_1.6.1/stm32cubeide/plugins/com.st.stm32cube.ide.mcu.externaltools.gnu-tools-for-stm32.9-2020-q2-update.win32_2.0.0.202105311346/tools/bin/../lib/gcc/arm-none-eabi/9.3.1/thumb/v7e-m+fp/hard/crtend.o
LOAD c:/st/stm32cubeide_1.6.1/stm32cubeide/plugins/com.st.stm32cube.ide.mcu.externaltools.gnu-tools-for-stm32.9-2020-q2-update.win32_2.0.0.202105311346/tools/bin/../lib/gcc/arm-none-eabi/9.3.1/thumb/v7e-m+fp/hard/crtn.o
                0x0000000020030000                _estack = 0x20030000
                0x0000000000000400                _Min_Heap_Size = 0x400
                0x0000000000001000                _Min_Stack_Size = 0x1000

.isr_vector     0x0000000008000000      0x13c
                0x0000000008000000                . = ALIGN (0x4)
 *(.isr_vector)
 .isr_vector    0x0000000008000000      0x13c ./Application/Startup/startup_stm32wb55rgvx.o
                0x0000000008000000                g_pfnVectors
                0x000000000800013c                . = ALIGN (0x4)

.text           0x0000000008000140     0x9c20
                0x0000000008000140                . = ALIGN (0x4)
 *(.text)
 .text          0x0000000008000140       0x40 c:/st/stm32cubeide_1.6.1/stm32cubeide/plugins/com.st.stm32cube.ide.mcu.externaltools.gnu-tools-for-stm32.9-2020-q2-update.win32_2.0.0.202105311346/tools/bin/../lib/gcc/arm-none-eabi/9.3.1/thumb/v7e-m+fp/hard/crtbegin.o
 .text          0x0000000008000180       0x10 c:/st/stm32cubeide_1.6.1/stm32cubeide/plugins/com.st.stm32cube.ide.mcu.externaltools.gnu-tools-for-stm32.9-2020-q2-update.win32_2.0.0.202105311346/tools/bin/../lib/gcc/arm-none-eabi/9.3.1/../../../../arm-none-eabi/lib/thumb/v7e-m+fp/hard\libc_nano.a(lib_a-strlen.o)
                0x0000000008000180                strlen
 .text          0x0000000008000190       0xa0 c:/st/stm32cubeide_1.6.1/stm32cubeide/plugins/com.st.stm32cube.ide.mcu.externaltools.gnu-tools-for-stm32.9-2020-q2-update.win32_2.0.0.202105311346/tools/bin/../lib/gcc/arm-none-eabi/9.3.1/../../../../arm-none-eabi/lib/thumb/v7e-m+fp/hard\libc_nano.a(lib_a-memchr.o)
                0x0000000008000190                memchr
 .text          0x0000000008000230       0x30 c:/st/stm32cubeide_1.6.1/stm32cubeide/plugins/com.st.stm32cube.ide.mcu.externaltools.gnu-tools-for-stm32.9-2020-q2-update.win32_2.0.0.202105311346/tools/bin/../lib/gcc/arm-none-eabi/9.3.1/thumb/v7e-m+fp/hard\libgcc.a(_aeabi_uldivmod.o)
                0x0000000008000230                __aeabi_uldivmod
 .text          0x0000000008000260      0x2c4 c:/st/stm32cubeide_1.6.1/stm32cubeide/plugins/com.st.stm32cube.ide.mcu.externaltools.gnu-tools-for-stm32.9-2020-q2-update.win32_2.0.0.202105311346/tools/bin/../lib/gcc/arm-none-eabi/9.3.1/thumb/v7e-m+fp/hard\libgcc.a(_udivmoddi4.o)
                0x0000000008000260                __udivmoddi4
 .text          0x0000000008000524        0x4 c:/st/stm32cubeide_1.6.1/stm32cubeide/plugins/com.st.stm32cube.ide.mcu.externaltools.gnu-tools-for-stm32.9-2020-q2-update.win32_2.0.0.202105311346/tools/bin/../lib/gcc/arm-none-eabi/9.3.1/thumb/v7e-m+fp/hard\libgcc.a(_dvmd_tls.o)
                0x0000000008000524                __aeabi_idiv0
                0x0000000008000524                __aeabi_ldiv0
 *(.text*)
 .text.data_initializers
                0x0000000008000528       0x18 ./Application/Startup/startup_stm32wb55rgvx.o
 .text.Reset_Handler
                0x0000000008000540       0x54 ./Application/Startup/startup_stm32wb55rgvx.o
                0x0000000008000540                Reset_Handler
 .text.Default_Handler
                0x0000000008000594        0x2 ./Application/Startup/startup_stm32wb55rgvx.o
                0x0000000008000594                RTC_Alarm_IRQHandler
                0x0000000008000594                EXTI2_IRQHandler
                0x0000000008000594                TIM1_CC_IRQHandler
                0x0000000008000594                TSC_IRQHandler
                0x0000000008000594                USB_HP_IRQHandler
                0x0000000008000594                EXTI3_IRQHandler
                0x0000000008000594                LPTIM2_IRQHandler
                0x0000000008000594                I2C3_ER_IRQHandler
                0x0000000008000594                FPU_IRQHandler
                0x0000000008000594                TIM1_UP_TIM16_IRQHandler
                0x0000000008000594                AES1_IRQHandler
                0x0000000008000594                SPI1_IRQHandler
                0x0000000008000594                PWR_SOTF_BLEACT_802ACT_RFPHASE_IRQHandler
                0x0000000008000594                DMA2_Channel2_IRQHandler
                0x0000000008000594                ADC1_IRQHandler
                0x0000000008000594                PKA_IRQHandler
                0x0000000008000594                DMA1_Channel7_IRQHandler
                0x0000000008000594                LCD_IRQHandler
                0x0000000008000594                DMA2_Channel1_IRQHandler
                0x0000000008000594                QUADSPI_IRQHandler
                0x0000000008000594                I2C1_EV_IRQHandler
                0x0000000008000594                DMAMUX1_OVR_IRQHandler
                0x0000000008000594                DMA1_Channel6_IRQHandler
                0x0000000008000594                DMA2_Channel4_IRQHandler
                0x0000000008000594                RCC_IRQHandler
                0x0000000008000594                DMA1_Channel1_IRQHandler
                0x0000000008000594                Default_Handler
                0x0000000008000594                DMA2_Channel7_IRQHandler
                0x0000000008000594                EXTI15_10_IRQHandler
                0x0000000008000594                C2SEV_PWR_C2H_IRQHandler
                0x0000000008000594                AES2_IRQHandler
                0x0000000008000594                I2C3_EV_IRQHandler
                0x0000000008000594                EXTI9_5_IRQHandler
                0x0000000008000594                RTC_WKUP_IRQHandler
                0x0000000008000594                PVD_PVM_IRQHandler
                0x0000000008000594                SPI2_IRQHandler
                0x0000000008000594                DMA2_Channel5_IRQHandler
                0x0000000008000594                CRS_IRQHandler
                0x0000000008000594                USB_LP_IRQHandler
                0x0000000008000594                RNG_IRQHandler
                0x0000000008000594                TIM1_TRG_COM_TIM17_IRQHandler
                0x0000000008000594                TAMP_STAMP_LSECSS_IRQHandler
                0x0000000008000594                DMA1_Channel3_IRQHandler
                0x0000000008000594                COMP_IRQHandler
                0x0000000008000594                HSEM_IRQHandler
                0x0000000008000594                WWDG_IRQHandler
                0x0000000008000594                DMA2_Channel6_IRQHandler
                0x0000000008000594                TIM2_IRQHandler
                0x0000000008000594                TIM1_BRK_IRQHandler
                0x0000000008000594                DMA1_Channel2_IRQHandler
                0x0000000008000594                FLASH_IRQHandler
                0x0000000008000594                I2C1_ER_IRQHandler
                0x0000000008000594                LPTIM1_IRQHandler
                0x0000000008000594                SAI1_IRQHandler
                0x0000000008000594                DMA2_Channel3_IRQHandler
 *fill*         0x0000000008000596        0x2 
 .text.LL_PWR_DisableInternWU
                0x0000000008000598       0x20 ./Application/User/Core/app_entry.o
 .text.LL_EXTI_EnableIT_32_63
                0x00000000080005b8       0x28 ./Application/User/Core/app_entry.o
 .text.LL_C2_EXTI_EnableIT_32_63
                0x00000000080005e0       0x28 ./Application/User/Core/app_entry.o
 .text.LL_RCC_HSI_EnableAutoFromStop
                0x0000000008000608       0x1e ./Application/User/Core/app_entry.o
 .text.LL_RCC_SetClkAfterWakeFromStop
                0x0000000008000626       0x28 ./Application/User/Core/app_entry.o
 .text.APPE_Init
                0x000000000800064e       0x1c ./Application/User/Core/app_entry.o
                0x000000000800064e                APPE_Init
 *fill*         0x000000000800066a        0x2 
 .text.Init_Debug
                0x000000000800066c       0x48 ./Application/User/Core/app_entry.o
 .text.SystemPower_Config
                0x00000000080006b4       0x2c ./Application/User/Core/app_entry.o
 .text.appe_Tl_Init
                0x00000000080006e0       0x68 ./Application/User/Core/app_entry.o
 .text.APPE_SysStatusNot
                0x0000000008000748       0x16 ./Application/User/Core/app_entry.o
 .text.APPE_SysUserEvtRx
                0x000000000800075e       0x4a ./Application/User/Core/app_entry.o
 .text.APPE_SysEvtError
                0x00000000080007a8       0x50 ./Application/User/Core/app_entry.o
 .text.APPE_SysEvtReadyProcessing
                0x00000000080007f8       0x10 ./Application/User/Core/app_entry.o
 .text.Led_Init
                0x0000000008000808       0x1a ./Application/User/Core/app_entry.o
 .text.Button_Init
                0x0000000008000822       0x20 ./Application/User/Core/app_entry.o
 .text.UTIL_SEQ_Idle
                0x0000000008000842        0xe ./Application/User/Core/app_entry.o
                0x0000000008000842                UTIL_SEQ_Idle
 .text.shci_notify_asynch_evt
                0x0000000008000850       0x18 ./Application/User/Core/app_entry.o
                0x0000000008000850                shci_notify_asynch_evt
 .text.shci_cmd_resp_release
                0x0000000008000868       0x16 ./Application/User/Core/app_entry.o
                0x0000000008000868                shci_cmd_resp_release
 .text.shci_cmd_resp_wait
                0x000000000800087e       0x16 ./Application/User/Core/app_entry.o
                0x000000000800087e                shci_cmd_resp_wait
 .text.TL_TRACES_EvtReceived
                0x0000000008000894       0x2a ./Application/User/Core/app_entry.o
                0x0000000008000894                TL_TRACES_EvtReceived
 .text.DbgOutputInit
                0x00000000080008be        0xe ./Application/User/Core/app_entry.o
                0x00000000080008be                DbgOutputInit
 .text.DbgOutputTraces
                0x00000000080008cc       0x22 ./Application/User/Core/app_entry.o
                0x00000000080008cc                DbgOutputTraces
 .text.LL_AHB2_GRP1_EnableClock
                0x00000000080008ee       0x32 ./Application/User/Core/gpio_lld.o
 .text.LL_APB1_GRP2_EnableClock
                0x0000000008000920       0x32 ./Application/User/Core/gpio_lld.o
 .text.LL_APB2_GRP1_EnableClock
                0x0000000008000952       0x32 ./Application/User/Core/gpio_lld.o
 .text.gpio_lld_phy_gpioHardFault_up
                0x0000000008000984       0x14 ./Application/User/Core/gpio_lld.o
                0x0000000008000984                gpio_lld_phy_gpioHardFault_up
 .text.gpio_lld_usart_init
                0x0000000008000998       0x64 ./Application/User/Core/gpio_lld.o
                0x0000000008000998                gpio_lld_usart_init
 .text.gpio_lld_lpuart_init
                0x00000000080009fc       0x64 ./Application/User/Core/gpio_lld.o
                0x00000000080009fc                gpio_lld_lpuart_init
 .text.MX_UART_Init
                0x0000000008000a60       0xdc ./Application/User/Core/hw_uart.o
                0x0000000008000a60                MX_UART_Init
 .text.HW_UART_Transmit_IT
                0x0000000008000b3c       0xbc ./Application/User/Core/hw_uart.o
                0x0000000008000b3c                HW_UART_Transmit_IT
 .text.HW_UART_Transmit_DMA
                0x0000000008000bf8       0xbc ./Application/User/Core/hw_uart.o
                0x0000000008000bf8                HW_UART_Transmit_DMA
 .text.HAL_UART_TxCpltCallback
                0x0000000008000cb4       0x5c ./Application/User/Core/hw_uart.o
                0x0000000008000cb4                HAL_UART_TxCpltCallback
 .text.LL_EXTI_DisableIT_0_31
                0x0000000008000d10       0x2c ./Application/User/Core/main.o
 .text.LL_EXTI_DisableIT_32_63
                0x0000000008000d3c       0x2c ./Application/User/Core/main.o
 .text.LL_RCC_HSE_SetCapacitorTuning
                0x0000000008000d68       0x3c ./Application/User/Core/main.o
 .text.LL_RCC_LSE_SetDriveCapability
                0x0000000008000da4       0x2c ./Application/User/Core/main.o
 .text.LL_RCC_ForceBackupDomainReset
                0x0000000008000dd0       0x22 ./Application/User/Core/main.o
 .text.LL_RCC_ReleaseBackupDomainReset
                0x0000000008000df2       0x22 ./Application/User/Core/main.o
 .text.LL_RCC_IsActiveFlag_PINRST
                0x0000000008000e14       0x26 ./Application/User/Core/main.o
 .text.LL_RCC_IsActiveFlag_SFTRST
                0x0000000008000e3a       0x26 ./Application/User/Core/main.o
 .text.LL_AHB1_GRP1_EnableClock
                0x0000000008000e60       0x32 ./Application/User/Core/main.o
 .text.LL_AHB3_GRP1_EnableClock
                0x0000000008000e92       0x32 ./Application/User/Core/main.o
 .text.LL_C1_IPCC_DisableTransmitChannel
                0x0000000008000ec4       0x24 ./Application/User/Core/main.o
 .text.LL_C1_IPCC_DisableReceiveChannel
                0x0000000008000ee8       0x22 ./Application/User/Core/main.o
 .text.LL_C2_IPCC_DisableTransmitChannel
                0x0000000008000f0a       0x24 ./Application/User/Core/main.o
 .text.LL_C2_IPCC_DisableReceiveChannel
                0x0000000008000f2e       0x22 ./Application/User/Core/main.o
 .text.LL_C1_IPCC_ClearFlag_CHx
                0x0000000008000f50       0x1c ./Application/User/Core/main.o
 .text.LL_C2_IPCC_ClearFlag_CHx
                0x0000000008000f6c       0x1c ./Application/User/Core/main.o
 .text.LL_LPM_EnableSleep
                0x0000000008000f88       0x20 ./Application/User/Core/main.o
 .text.main     0x0000000008000fa8       0x3c ./Application/User/Core/main.o
                0x0000000008000fa8                main
 .text.SystemClock_Config_HSE
                0x0000000008000fe4      0x122 ./Application/User/Core/main.o
                0x0000000008000fe4                SystemClock_Config_HSE
 *fill*         0x0000000008001106        0x2 
 .text.SystemClock_Config
                0x0000000008001108       0x7c ./Application/User/Core/main.o
 .text.MX_DMA_Init
                0x0000000008001184       0x34 ./Application/User/Core/main.o
 .text.PeriphClock_Config
                0x00000000080011b8       0x42 ./Application/User/Core/main.o
 .text.Config_HSE
                0x00000000080011fa       0x28 ./Application/User/Core/main.o
 .text.Reset_Device
                0x0000000008001222       0x10 ./Application/User/Core/main.o
 *fill*         0x0000000008001232        0x2 
 .text.Reset_IPCC
                0x0000000008001234       0x44 ./Application/User/Core/main.o
 .text.Reset_BackupDomain
                0x0000000008001278       0x2e ./Application/User/Core/main.o
 .text.Init_Exti
                0x00000000080012a6       0x18 ./Application/User/Core/main.o
 .text.HAL_Delay
                0x00000000080012be       0x4a ./Application/User/Core/main.o
                0x00000000080012be                HAL_Delay
 .text.Error_Handler
                0x0000000008001308        0xe ./Application/User/Core/main.o
                0x0000000008001308                Error_Handler
 .text.LL_APB2_GRP1_EnableClock
                0x0000000008001316       0x32 ./Application/User/Core/stm32wbxx_hal_msp.o
 .text.HAL_MspInit
                0x0000000008001348        0xe ./Application/User/Core/stm32wbxx_hal_msp.o
                0x0000000008001348                HAL_MspInit
 *fill*         0x0000000008001356        0x2 
 .text.HAL_UART_MspInit
                0x0000000008001358      0x13c ./Application/User/Core/stm32wbxx_hal_msp.o
                0x0000000008001358                HAL_UART_MspInit
 .text.NMI_Handler
                0x0000000008001494        0xe ./Application/User/Core/stm32wbxx_it.o
                0x0000000008001494                NMI_Handler
 .text.HardFault_Handler
                0x00000000080014a2        0xa ./Application/User/Core/stm32wbxx_it.o
                0x00000000080014a2                HardFault_Handler
 .text.MemManage_Handler
                0x00000000080014ac        0x6 ./Application/User/Core/stm32wbxx_it.o
                0x00000000080014ac                MemManage_Handler
 .text.BusFault_Handler
                0x00000000080014b2        0x6 ./Application/User/Core/stm32wbxx_it.o
                0x00000000080014b2                BusFault_Handler
 .text.UsageFault_Handler
                0x00000000080014b8        0x6 ./Application/User/Core/stm32wbxx_it.o
                0x00000000080014b8                UsageFault_Handler
 .text.SVC_Handler
                0x00000000080014be        0xe ./Application/User/Core/stm32wbxx_it.o
                0x00000000080014be                SVC_Handler
 .text.DebugMon_Handler
                0x00000000080014cc        0xe ./Application/User/Core/stm32wbxx_it.o
                0x00000000080014cc                DebugMon_Handler
 .text.PendSV_Handler
                0x00000000080014da        0xe ./Application/User/Core/stm32wbxx_it.o
                0x00000000080014da                PendSV_Handler
 .text.SysTick_Handler
                0x00000000080014e8        0xc ./Application/User/Core/stm32wbxx_it.o
                0x00000000080014e8                SysTick_Handler
 .text.DMA1_Channel4_IRQHandler
                0x00000000080014f4       0x14 ./Application/User/Core/stm32wbxx_it.o
                0x00000000080014f4                DMA1_Channel4_IRQHandler
 .text.DMA1_Channel5_IRQHandler
                0x0000000008001508       0x14 ./Application/User/Core/stm32wbxx_it.o
                0x0000000008001508                DMA1_Channel5_IRQHandler
 .text.USART1_IRQHandler
                0x000000000800151c       0x14 ./Application/User/Core/stm32wbxx_it.o
                0x000000000800151c                USART1_IRQHandler
 .text.LPUART1_IRQHandler
                0x0000000008001530       0x14 ./Application/User/Core/stm32wbxx_it.o
                0x0000000008001530                LPUART1_IRQHandler
 .text.EXTI4_IRQHandler
                0x0000000008001544        0xe ./Application/User/Core/stm32wbxx_it.o
                0x0000000008001544                EXTI4_IRQHandler
 .text.EXTI0_IRQHandler
                0x0000000008001552        0xe ./Application/User/Core/stm32wbxx_it.o
                0x0000000008001552                EXTI0_IRQHandler
 .text.EXTI1_IRQHandler
                0x0000000008001560        0xe ./Application/User/Core/stm32wbxx_it.o
                0x0000000008001560                EXTI1_IRQHandler
 .text.IPCC_C1_TX_IRQHandler
                0x000000000800156e        0xc ./Application/User/Core/stm32wbxx_it.o
                0x000000000800156e                IPCC_C1_TX_IRQHandler
 .text.IPCC_C1_RX_IRQHandler
                0x000000000800157a        0xc ./Application/User/Core/stm32wbxx_it.o
                0x000000000800157a                IPCC_C1_RX_IRQHandler
 *fill*         0x0000000008001586        0x2 
 .text.logRegion
                0x0000000008001588       0xe0 ./Application/User/Core/stm_logging.o
 .text.levelToString
                0x0000000008001668       0x48 ./Application/User/Core/stm_logging.o
 .text.logLevel
                0x00000000080016b0       0x38 ./Application/User/Core/stm_logging.o
 .text.logApplication
                0x00000000080016e8      0x110 ./Application/User/Core/stm_logging.o
                0x00000000080016e8                logApplication
 .text._read    0x00000000080017f8       0x3a ./Application/User/Core/syscalls.o
                0x00000000080017f8                _read
 .text._close   0x0000000008001832       0x18 ./Application/User/Core/syscalls.o
                0x0000000008001832                _close
 .text._fstat   0x000000000800184a       0x20 ./Application/User/Core/syscalls.o
                0x000000000800184a                _fstat
 .text._isatty  0x000000000800186a       0x16 ./Application/User/Core/syscalls.o
                0x000000000800186a                _isatty
 .text._lseek   0x0000000008001880       0x1a ./Application/User/Core/syscalls.o
                0x0000000008001880                _lseek
 *fill*         0x000000000800189a        0x2 
 .text._sbrk    0x000000000800189c       0x6c ./Application/User/Core/sysmem.o
                0x000000000800189c                _sbrk
 .text.APP_BLE_LLD_Init
                0x0000000008001908       0xd8 ./Application/User/STM32_WPAN/App/app_ble_lld.o
                0x0000000008001908                APP_BLE_LLD_Init
 .text.APP_BLE_LLD_Error
                0x00000000080019e0       0x8c ./Application/User/STM32_WPAN/App/app_ble_lld.o
                0x00000000080019e0                APP_BLE_LLD_Error
 .text.CheckWirelessFirmwareInfo
                0x0000000008001a6c       0xa4 ./Application/User/STM32_WPAN/App/app_ble_lld.o
                0x0000000008001a6c                CheckWirelessFirmwareInfo
 .text.APP_BLE_LLD_Init_UART
                0x0000000008001b10       0x38 ./Application/User/STM32_WPAN/App/app_ble_lld.o
                0x0000000008001b10                APP_BLE_LLD_Init_UART
 .text.uartWrite
                0x0000000008001b48       0x70 ./Application/User/STM32_WPAN/App/app_ble_lld.o
                0x0000000008001b48                uartWrite
 .text.uartWriteRaw
                0x0000000008001bb8       0x60 ./Application/User/STM32_WPAN/App/app_ble_lld.o
                0x0000000008001bb8                uartWriteRaw
 .text.uartTxSendChunk
                0x0000000008001c18       0x88 ./Application/User/STM32_WPAN/App/app_ble_lld.o
 .text.m0CmdProcess
                0x0000000008001ca0        0xc ./Application/User/STM32_WPAN/App/app_ble_lld.o
 .text.TL_BLE_LLD_ReceiveM0Cmd
                0x0000000008001cac       0x2c ./Application/User/STM32_WPAN/App/app_ble_lld.o
                0x0000000008001cac                TL_BLE_LLD_ReceiveM0Cmd
 .text.APP_BLE_LLD_SendCmdM0
                0x0000000008001cd8       0x48 ./Application/User/STM32_WPAN/App/app_ble_lld.o
                0x0000000008001cd8                APP_BLE_LLD_SendCmdM0
 .text.TL_BLE_LLD_ReceiveRsp
                0x0000000008001d20       0x40 ./Application/User/STM32_WPAN/App/app_ble_lld.o
                0x0000000008001d20                TL_BLE_LLD_ReceiveRsp
 .text.PRESSBUTTON_APP_Init
                0x0000000008001d60       0x38 ./Application/User/STM32_WPAN/App/pressbutton_app.o
                0x0000000008001d60                PRESSBUTTON_APP_Init
 .text.radioInit
                0x0000000008001d98       0x28 ./Application/User/STM32_WPAN/App/pressbutton_app.o
 .text.HAL_GPIO_EXTI_Callback
                0x0000000008001dc0       0x74 ./Application/User/STM32_WPAN/App/pressbutton_app.o
                0x0000000008001dc0                HAL_GPIO_EXTI_Callback
 .text.listenStart
                0x0000000008001e34       0x3c ./Application/User/STM32_WPAN/App/pressbutton_app.o
 .text.listenEnd
                0x0000000008001e70       0xa4 ./Application/User/STM32_WPAN/App/pressbutton_app.o
 .text.sendStart
                0x0000000008001f14       0x34 ./Application/User/STM32_WPAN/App/pressbutton_app.o
 .text.sendEnd  0x0000000008001f48       0x40 ./Application/User/STM32_WPAN/App/pressbutton_app.o
 .text.timeDifference
                0x0000000008001f88       0x2c ./Application/User/STM32_WPAN/App/pressbutton_app.o
 .text.LL_PWR_EnableBootC2
                0x0000000008001fb4       0x20 ./Application/User/STM32_WPAN/Target/hw_ipcc.o
 .text.LL_C2_EXTI_EnableEvent_32_63
                0x0000000008001fd4       0x28 ./Application/User/STM32_WPAN/Target/hw_ipcc.o
 .text.LL_EXTI_EnableRisingTrig_32_63
                0x0000000008001ffc       0x24 ./Application/User/STM32_WPAN/Target/hw_ipcc.o
 .text.LL_AHB3_GRP1_EnableClock
                0x0000000008002020       0x32 ./Application/User/STM32_WPAN/Target/hw_ipcc.o
 .text.LL_C2_AHB3_GRP1_EnableClock
                0x0000000008002052       0x38 ./Application/User/STM32_WPAN/Target/hw_ipcc.o
 .text.LL_C1_IPCC_EnableIT_TXF
                0x000000000800208a       0x20 ./Application/User/STM32_WPAN/Target/hw_ipcc.o
 .text.LL_C1_IPCC_EnableIT_RXO
                0x00000000080020aa       0x20 ./Application/User/STM32_WPAN/Target/hw_ipcc.o
 .text.LL_C1_IPCC_EnableTransmitChannel
                0x00000000080020ca       0x26 ./Application/User/STM32_WPAN/Target/hw_ipcc.o
 .text.LL_C1_IPCC_DisableTransmitChannel
                0x00000000080020f0       0x24 ./Application/User/STM32_WPAN/Target/hw_ipcc.o
 .text.LL_C1_IPCC_EnableReceiveChannel
                0x0000000008002114       0x24 ./Application/User/STM32_WPAN/Target/hw_ipcc.o
 .text.LL_C1_IPCC_DisableReceiveChannel
                0x0000000008002138       0x22 ./Application/User/STM32_WPAN/Target/hw_ipcc.o
 .text.LL_C1_IPCC_ClearFlag_CHx
                0x000000000800215a       0x1c ./Application/User/STM32_WPAN/Target/hw_ipcc.o
 .text.LL_C1_IPCC_SetFlag_CHx
                0x0000000008002176       0x1e ./Application/User/STM32_WPAN/Target/hw_ipcc.o
 .text.LL_C1_IPCC_IsActiveFlag_CHx
                0x0000000008002194       0x2a ./Application/User/STM32_WPAN/Target/hw_ipcc.o
 .text.LL_C2_IPCC_IsActiveFlag_CHx
                0x00000000080021be       0x2a ./Application/User/STM32_WPAN/Target/hw_ipcc.o
 .text.HW_IPCC_Rx_Handler
                0x00000000080021e8       0xb4 ./Application/User/STM32_WPAN/Target/hw_ipcc.o
                0x00000000080021e8                HW_IPCC_Rx_Handler
 .text.HW_IPCC_Tx_Handler
                0x000000000800229c       0x74 ./Application/User/STM32_WPAN/Target/hw_ipcc.o
                0x000000000800229c                HW_IPCC_Tx_Handler
 .text.HW_IPCC_Enable
                0x0000000008002310       0x28 ./Application/User/STM32_WPAN/Target/hw_ipcc.o
                0x0000000008002310                HW_IPCC_Enable
 .text.HW_IPCC_Init
                0x0000000008002338       0x2c ./Application/User/STM32_WPAN/Target/hw_ipcc.o
                0x0000000008002338                HW_IPCC_Init
 .text.HW_IPCC_BLE_EvtHandler
                0x0000000008002364       0x18 ./Application/User/STM32_WPAN/Target/hw_ipcc.o
 .text.HW_IPCC_BLE_AclDataEvtHandler
                0x000000000800237c       0x18 ./Application/User/STM32_WPAN/Target/hw_ipcc.o
 .text.HW_IPCC_SYS_Init
                0x0000000008002394       0x14 ./Application/User/STM32_WPAN/Target/hw_ipcc.o
                0x0000000008002394                HW_IPCC_SYS_Init
 .text.HW_IPCC_SYS_SendCmd
                0x00000000080023a8       0x1c ./Application/User/STM32_WPAN/Target/hw_ipcc.o
                0x00000000080023a8                HW_IPCC_SYS_SendCmd
 .text.HW_IPCC_SYS_CmdEvtHandler
                0x00000000080023c4       0x18 ./Application/User/STM32_WPAN/Target/hw_ipcc.o
 .text.HW_IPCC_SYS_EvtHandler
                0x00000000080023dc       0x18 ./Application/User/STM32_WPAN/Target/hw_ipcc.o
 .text.HW_IPCC_BLE_LLD_Init
                0x00000000080023f4       0x1c ./Application/User/STM32_WPAN/Target/hw_ipcc.o
                0x00000000080023f4                HW_IPCC_BLE_LLD_Init
 .text.HW_IPCC_BLE_LLD_ReceiveM0CmdHandler
                0x0000000008002410        0xc ./Application/User/STM32_WPAN/Target/hw_ipcc.o
 .text.HW_IPCC_BLE_LLD_SendM0CmdAck
                0x000000000800241c       0x14 ./Application/User/STM32_WPAN/Target/hw_ipcc.o
                0x000000000800241c                HW_IPCC_BLE_LLD_SendM0CmdAck
 .text.HW_IPCC_BLE_LLD_SendCmd
                0x0000000008002430       0x14 ./Application/User/STM32_WPAN/Target/hw_ipcc.o
                0x0000000008002430                HW_IPCC_BLE_LLD_SendCmd
 .text.HW_IPCC_BLE_LLD_ReceiveRspHandler
                0x0000000008002444       0x18 ./Application/User/STM32_WPAN/Target/hw_ipcc.o
 .text.HW_IPCC_BLE_LLD_SendRspAck
                0x000000000800245c       0x1c ./Application/User/STM32_WPAN/Target/hw_ipcc.o
                0x000000000800245c                HW_IPCC_BLE_LLD_SendRspAck
 .text.HW_IPCC_MM_SendFreeBuf
                0x0000000008002478       0x44 ./Application/User/STM32_WPAN/Target/hw_ipcc.o
                0x0000000008002478                HW_IPCC_MM_SendFreeBuf
 .text.HW_IPCC_MM_FreeBufHandler
                0x00000000080024bc       0x28 ./Application/User/STM32_WPAN/Target/hw_ipcc.o
 .text.HW_IPCC_TRACES_Init
                0x00000000080024e4       0x14 ./Application/User/STM32_WPAN/Target/hw_ipcc.o
                0x00000000080024e4                HW_IPCC_TRACES_Init
 .text.HW_IPCC_TRACES_EvtHandler
                0x00000000080024f8       0x18 ./Application/User/STM32_WPAN/Target/hw_ipcc.o
 .text.LL_AHB2_GRP1_EnableClock
                0x0000000008002510       0x32 ./Drivers/BSP/stm32wbxx_nucleo.o
 *fill*         0x0000000008002542        0x2 
 .text.BSP_LED_Init
                0x0000000008002544       0x74 ./Drivers/BSP/stm32wbxx_nucleo.o
                0x0000000008002544                BSP_LED_Init
 .text.BSP_LED_On
                0x00000000080025b8       0x34 ./Drivers/BSP/stm32wbxx_nucleo.o
                0x00000000080025b8                BSP_LED_On
 .text.BSP_LED_Toggle
                0x00000000080025ec       0x34 ./Drivers/BSP/stm32wbxx_nucleo.o
                0x00000000080025ec                BSP_LED_Toggle
 .text.BSP_PB_Init
                0x0000000008002620       0xe0 ./Drivers/BSP/stm32wbxx_nucleo.o
                0x0000000008002620                BSP_PB_Init
 .text.SystemInit
                0x0000000008002700       0xac ./Drivers/CMSIS/system_stm32wbxx.o
                0x0000000008002700                SystemInit
 .text.LL_DBGMCU_GetDeviceID
                0x00000000080027ac       0x1c ./Drivers/STM32WBxx_HAL_Driver/stm32wbxx_hal.o
 .text.LL_DBGMCU_GetRevisionID
                0x00000000080027c8       0x1c ./Drivers/STM32WBxx_HAL_Driver/stm32wbxx_hal.o
 .text.LL_DBGMCU_EnableDBGSleepMode
                0x00000000080027e4       0x20 ./Drivers/STM32WBxx_HAL_Driver/stm32wbxx_hal.o
 .text.HAL_Init
                0x0000000008002804       0x30 ./Drivers/STM32WBxx_HAL_Driver/stm32wbxx_hal.o
                0x0000000008002804                HAL_Init
 .text.HAL_InitTick
                0x0000000008002834       0x74 ./Drivers/STM32WBxx_HAL_Driver/stm32wbxx_hal.o
                0x0000000008002834                HAL_InitTick
 .text.HAL_IncTick
                0x00000000080028a8       0x28 ./Drivers/STM32WBxx_HAL_Driver/stm32wbxx_hal.o
                0x00000000080028a8                HAL_IncTick
 .text.HAL_GetTick
                0x00000000080028d0       0x18 ./Drivers/STM32WBxx_HAL_Driver/stm32wbxx_hal.o
                0x00000000080028d0                HAL_GetTick
 .text.HAL_GetTickPrio
                0x00000000080028e8       0x18 ./Drivers/STM32WBxx_HAL_Driver/stm32wbxx_hal.o
                0x00000000080028e8                HAL_GetTickPrio
 .text.HAL_GetTickFreq
                0x0000000008002900       0x18 ./Drivers/STM32WBxx_HAL_Driver/stm32wbxx_hal.o
                0x0000000008002900                HAL_GetTickFreq
 .text.HAL_GetREVID
                0x0000000008002918        0xe ./Drivers/STM32WBxx_HAL_Driver/stm32wbxx_hal.o
                0x0000000008002918                HAL_GetREVID
 .text.HAL_GetDEVID
                0x0000000008002926        0xe ./Drivers/STM32WBxx_HAL_Driver/stm32wbxx_hal.o
                0x0000000008002926                HAL_GetDEVID
 .text.HAL_DBGMCU_EnableDBGSleepMode
                0x0000000008002934        0xc ./Drivers/STM32WBxx_HAL_Driver/stm32wbxx_hal.o
                0x0000000008002934                HAL_DBGMCU_EnableDBGSleepMode
 .text.__NVIC_SetPriorityGrouping
                0x0000000008002940       0x48 ./Drivers/STM32WBxx_HAL_Driver/stm32wbxx_hal_cortex.o
 .text.__NVIC_GetPriorityGrouping
                0x0000000008002988       0x1c ./Drivers/STM32WBxx_HAL_Driver/stm32wbxx_hal_cortex.o
 .text.__NVIC_EnableIRQ
                0x00000000080029a4       0x3c ./Drivers/STM32WBxx_HAL_Driver/stm32wbxx_hal_cortex.o
 .text.__NVIC_SetPriority
                0x00000000080029e0       0x54 ./Drivers/STM32WBxx_HAL_Driver/stm32wbxx_hal_cortex.o
 .text.NVIC_EncodePriority
                0x0000000008002a34       0x66 ./Drivers/STM32WBxx_HAL_Driver/stm32wbxx_hal_cortex.o
 *fill*         0x0000000008002a9a        0x2 
 .text.SysTick_Config
                0x0000000008002a9c       0x44 ./Drivers/STM32WBxx_HAL_Driver/stm32wbxx_hal_cortex.o
 .text.HAL_NVIC_SetPriorityGrouping
                0x0000000008002ae0       0x16 ./Drivers/STM32WBxx_HAL_Driver/stm32wbxx_hal_cortex.o
                0x0000000008002ae0                HAL_NVIC_SetPriorityGrouping
 .text.HAL_NVIC_SetPriority
                0x0000000008002af6       0x34 ./Drivers/STM32WBxx_HAL_Driver/stm32wbxx_hal_cortex.o
                0x0000000008002af6                HAL_NVIC_SetPriority
 .text.HAL_NVIC_EnableIRQ
                0x0000000008002b2a       0x1c ./Drivers/STM32WBxx_HAL_Driver/stm32wbxx_hal_cortex.o
                0x0000000008002b2a                HAL_NVIC_EnableIRQ
 .text.HAL_SYSTICK_Config
                0x0000000008002b46       0x18 ./Drivers/STM32WBxx_HAL_Driver/stm32wbxx_hal_cortex.o
                0x0000000008002b46                HAL_SYSTICK_Config
 *fill*         0x0000000008002b5e        0x2 
 .text.HAL_DMA_Init
                0x0000000008002b60      0x150 ./Drivers/STM32WBxx_HAL_Driver/stm32wbxx_hal_dma.o
                0x0000000008002b60                HAL_DMA_Init
 .text.HAL_DMA_Start_IT
                0x0000000008002cb0       0xf6 ./Drivers/STM32WBxx_HAL_Driver/stm32wbxx_hal_dma.o
                0x0000000008002cb0                HAL_DMA_Start_IT
 .text.HAL_DMA_Abort
                0x0000000008002da6       0xbe ./Drivers/STM32WBxx_HAL_Driver/stm32wbxx_hal_dma.o
                0x0000000008002da6                HAL_DMA_Abort
 .text.HAL_DMA_Abort_IT
                0x0000000008002e64       0xbe ./Drivers/STM32WBxx_HAL_Driver/stm32wbxx_hal_dma.o
                0x0000000008002e64                HAL_DMA_Abort_IT
 .text.HAL_DMA_IRQHandler
                0x0000000008002f22      0x15e ./Drivers/STM32WBxx_HAL_Driver/stm32wbxx_hal_dma.o
                0x0000000008002f22                HAL_DMA_IRQHandler
 .text.DMA_SetConfig
                0x0000000008003080       0x7c ./Drivers/STM32WBxx_HAL_Driver/stm32wbxx_hal_dma.o
 .text.DMA_CalcDMAMUXChannelBaseAndMask
                0x00000000080030fc       0x7c ./Drivers/STM32WBxx_HAL_Driver/stm32wbxx_hal_dma.o
 .text.DMA_CalcDMAMUXRequestGenBaseAndMask
                0x0000000008003178       0x4c ./Drivers/STM32WBxx_HAL_Driver/stm32wbxx_hal_dma.o
 .text.HAL_DMAEx_ConfigMuxSync
                0x00000000080031c4       0x80 ./Drivers/STM32WBxx_HAL_Driver/stm32wbxx_hal_dma_ex.o
                0x00000000080031c4                HAL_DMAEx_ConfigMuxSync
 .text.HAL_GPIO_Init
                0x0000000008003244      0x2e0 ./Drivers/STM32WBxx_HAL_Driver/stm32wbxx_hal_gpio.o
                0x0000000008003244                HAL_GPIO_Init
 .text.HAL_GPIO_WritePin
                0x0000000008003524       0x30 ./Drivers/STM32WBxx_HAL_Driver/stm32wbxx_hal_gpio.o
                0x0000000008003524                HAL_GPIO_WritePin
 .text.HAL_GPIO_TogglePin
                0x0000000008003554       0x34 ./Drivers/STM32WBxx_HAL_Driver/stm32wbxx_hal_gpio.o
                0x0000000008003554                HAL_GPIO_TogglePin
 .text.HAL_GPIO_EXTI_IRQHandler
                0x0000000008003588       0x30 ./Drivers/STM32WBxx_HAL_Driver/stm32wbxx_hal_gpio.o
                0x0000000008003588                HAL_GPIO_EXTI_IRQHandler
 .text.HAL_PWR_EnableBkUpAccess
                0x00000000080035b8       0x20 ./Drivers/STM32WBxx_HAL_Driver/stm32wbxx_hal_pwr.o
                0x00000000080035b8                HAL_PWR_EnableBkUpAccess
 .text.HAL_PWREx_GetVoltageRange
                0x00000000080035d8       0x1c ./Drivers/STM32WBxx_HAL_Driver/stm32wbxx_hal_pwr_ex.o
                0x00000000080035d8                HAL_PWREx_GetVoltageRange
 .text.LL_RCC_HSE_IsEnabledDiv2
                0x00000000080035f4       0x24 ./Drivers/STM32WBxx_HAL_Driver/stm32wbxx_hal_rcc.o
 .text.LL_RCC_HSE_Enable
                0x0000000008003618       0x1e ./Drivers/STM32WBxx_HAL_Driver/stm32wbxx_hal_rcc.o
 .text.LL_RCC_HSE_Disable
                0x0000000008003636       0x1e ./Drivers/STM32WBxx_HAL_Driver/stm32wbxx_hal_rcc.o
 .text.LL_RCC_HSE_IsReady
                0x0000000008003654       0x24 ./Drivers/STM32WBxx_HAL_Driver/stm32wbxx_hal_rcc.o
 .text.LL_RCC_HSI_Enable
                0x0000000008003678       0x1e ./Drivers/STM32WBxx_HAL_Driver/stm32wbxx_hal_rcc.o
 .text.LL_RCC_HSI_Disable
                0x0000000008003696       0x1e ./Drivers/STM32WBxx_HAL_Driver/stm32wbxx_hal_rcc.o
 .text.LL_RCC_HSI_IsReady
                0x00000000080036b4       0x24 ./Drivers/STM32WBxx_HAL_Driver/stm32wbxx_hal_rcc.o
 .text.LL_RCC_HSI_SetCalibTrimming
                0x00000000080036d8       0x2a ./Drivers/STM32WBxx_HAL_Driver/stm32wbxx_hal_rcc.o
 .text.LL_RCC_HSI48_Enable
                0x0000000008003702       0x22 ./Drivers/STM32WBxx_HAL_Driver/stm32wbxx_hal_rcc.o
 .text.LL_RCC_HSI48_Disable
                0x0000000008003724       0x22 ./Drivers/STM32WBxx_HAL_Driver/stm32wbxx_hal_rcc.o
 .text.LL_RCC_HSI48_IsReady
                0x0000000008003746       0x24 ./Drivers/STM32WBxx_HAL_Driver/stm32wbxx_hal_rcc.o
 .text.LL_RCC_LSE_Enable
                0x000000000800376a       0x22 ./Drivers/STM32WBxx_HAL_Driver/stm32wbxx_hal_rcc.o
 .text.LL_RCC_LSE_Disable
                0x000000000800378c       0x22 ./Drivers/STM32WBxx_HAL_Driver/stm32wbxx_hal_rcc.o
 .text.LL_RCC_LSE_EnableBypass
                0x00000000080037ae       0x22 ./Drivers/STM32WBxx_HAL_Driver/stm32wbxx_hal_rcc.o
 .text.LL_RCC_LSE_DisableBypass
                0x00000000080037d0       0x22 ./Drivers/STM32WBxx_HAL_Driver/stm32wbxx_hal_rcc.o
 .text.LL_RCC_LSE_IsReady
                0x00000000080037f2       0x24 ./Drivers/STM32WBxx_HAL_Driver/stm32wbxx_hal_rcc.o
 .text.LL_RCC_LSI1_Enable
                0x0000000008003816       0x22 ./Drivers/STM32WBxx_HAL_Driver/stm32wbxx_hal_rcc.o
 .text.LL_RCC_LSI1_Disable
                0x0000000008003838       0x22 ./Drivers/STM32WBxx_HAL_Driver/stm32wbxx_hal_rcc.o
 .text.LL_RCC_LSI1_IsReady
                0x000000000800385a       0x24 ./Drivers/STM32WBxx_HAL_Driver/stm32wbxx_hal_rcc.o
 .text.LL_RCC_LSI2_Enable
                0x000000000800387e       0x22 ./Drivers/STM32WBxx_HAL_Driver/stm32wbxx_hal_rcc.o
 .text.LL_RCC_LSI2_Disable
                0x00000000080038a0       0x22 ./Drivers/STM32WBxx_HAL_Driver/stm32wbxx_hal_rcc.o
 .text.LL_RCC_LSI2_IsReady
                0x00000000080038c2       0x24 ./Drivers/STM32WBxx_HAL_Driver/stm32wbxx_hal_rcc.o
 .text.LL_RCC_LSI2_SetTrimming
                0x00000000080038e6       0x2e ./Drivers/STM32WBxx_HAL_Driver/stm32wbxx_hal_rcc.o
 .text.LL_RCC_MSI_Enable
                0x0000000008003914       0x1e ./Drivers/STM32WBxx_HAL_Driver/stm32wbxx_hal_rcc.o
 .text.LL_RCC_MSI_Disable
                0x0000000008003932       0x1e ./Drivers/STM32WBxx_HAL_Driver/stm32wbxx_hal_rcc.o
 .text.LL_RCC_MSI_IsReady
                0x0000000008003950       0x22 ./Drivers/STM32WBxx_HAL_Driver/stm32wbxx_hal_rcc.o
 .text.LL_RCC_MSI_SetRange
                0x0000000008003972       0x28 ./Drivers/STM32WBxx_HAL_Driver/stm32wbxx_hal_rcc.o
 .text.LL_RCC_MSI_GetRange
                0x000000000800399a       0x2a ./Drivers/STM32WBxx_HAL_Driver/stm32wbxx_hal_rcc.o
 .text.LL_RCC_MSI_SetCalibTrimming
                0x00000000080039c4       0x2a ./Drivers/STM32WBxx_HAL_Driver/stm32wbxx_hal_rcc.o
 .text.LL_RCC_SetSysClkSource
                0x00000000080039ee       0x28 ./Drivers/STM32WBxx_HAL_Driver/stm32wbxx_hal_rcc.o
 .text.LL_RCC_GetSysClkSource
                0x0000000008003a16       0x18 ./Drivers/STM32WBxx_HAL_Driver/stm32wbxx_hal_rcc.o
 .text.LL_RCC_SetAHBPrescaler
                0x0000000008003a2e       0x28 ./Drivers/STM32WBxx_HAL_Driver/stm32wbxx_hal_rcc.o
 .text.LL_C2_RCC_SetAHBPrescaler
                0x0000000008003a56       0x2c ./Drivers/STM32WBxx_HAL_Driver/stm32wbxx_hal_rcc.o
 .text.LL_RCC_SetAHB4Prescaler
                0x0000000008003a82       0x2e ./Drivers/STM32WBxx_HAL_Driver/stm32wbxx_hal_rcc.o
 .text.LL_RCC_SetAPB1Prescaler
                0x0000000008003ab0       0x28 ./Drivers/STM32WBxx_HAL_Driver/stm32wbxx_hal_rcc.o
 .text.LL_RCC_SetAPB2Prescaler
                0x0000000008003ad8       0x28 ./Drivers/STM32WBxx_HAL_Driver/stm32wbxx_hal_rcc.o
 .text.LL_RCC_GetAHBPrescaler
                0x0000000008003b00       0x18 ./Drivers/STM32WBxx_HAL_Driver/stm32wbxx_hal_rcc.o
 .text.LL_RCC_GetAHB4Prescaler
                0x0000000008003b18       0x1c ./Drivers/STM32WBxx_HAL_Driver/stm32wbxx_hal_rcc.o
 .text.LL_RCC_GetAPB1Prescaler
                0x0000000008003b34       0x18 ./Drivers/STM32WBxx_HAL_Driver/stm32wbxx_hal_rcc.o
 .text.LL_RCC_GetAPB2Prescaler
                0x0000000008003b4c       0x18 ./Drivers/STM32WBxx_HAL_Driver/stm32wbxx_hal_rcc.o
 .text.LL_RCC_PLL_Enable
                0x0000000008003b64       0x1e ./Drivers/STM32WBxx_HAL_Driver/stm32wbxx_hal_rcc.o
 .text.LL_RCC_PLL_Disable
                0x0000000008003b82       0x1e ./Drivers/STM32WBxx_HAL_Driver/stm32wbxx_hal_rcc.o
 .text.LL_RCC_PLL_IsReady
                0x0000000008003ba0       0x24 ./Drivers/STM32WBxx_HAL_Driver/stm32wbxx_hal_rcc.o
 .text.LL_RCC_PLL_GetN
                0x0000000008003bc4       0x1a ./Drivers/STM32WBxx_HAL_Driver/stm32wbxx_hal_rcc.o
 .text.LL_RCC_PLL_GetR
                0x0000000008003bde       0x18 ./Drivers/STM32WBxx_HAL_Driver/stm32wbxx_hal_rcc.o
 .text.LL_RCC_PLL_GetDivider
                0x0000000008003bf6       0x18 ./Drivers/STM32WBxx_HAL_Driver/stm32wbxx_hal_rcc.o
 .text.LL_RCC_PLL_GetMainSource
                0x0000000008003c0e       0x18 ./Drivers/STM32WBxx_HAL_Driver/stm32wbxx_hal_rcc.o
 .text.LL_RCC_IsActiveFlag_HPRE
                0x0000000008003c26       0x24 ./Drivers/STM32WBxx_HAL_Driver/stm32wbxx_hal_rcc.o
 .text.LL_RCC_IsActiveFlag_C2HPRE
                0x0000000008003c4a       0x26 ./Drivers/STM32WBxx_HAL_Driver/stm32wbxx_hal_rcc.o
 .text.LL_RCC_IsActiveFlag_SHDHPRE
                0x0000000008003c70       0x26 ./Drivers/STM32WBxx_HAL_Driver/stm32wbxx_hal_rcc.o
 .text.LL_RCC_IsActiveFlag_PPRE1
                0x0000000008003c96       0x24 ./Drivers/STM32WBxx_HAL_Driver/stm32wbxx_hal_rcc.o
 .text.LL_RCC_IsActiveFlag_PPRE2
                0x0000000008003cba       0x24 ./Drivers/STM32WBxx_HAL_Driver/stm32wbxx_hal_rcc.o
 *fill*         0x0000000008003cde        0x2 
 .text.HAL_RCC_OscConfig
                0x0000000008003ce0      0x718 ./Drivers/STM32WBxx_HAL_Driver/stm32wbxx_hal_rcc.o
                0x0000000008003ce0                HAL_RCC_OscConfig
 .text.HAL_RCC_ClockConfig
                0x00000000080043f8      0x280 ./Drivers/STM32WBxx_HAL_Driver/stm32wbxx_hal_rcc.o
                0x00000000080043f8                HAL_RCC_ClockConfig
 .text.HAL_RCC_GetSysClockFreq
                0x0000000008004678       0xd8 ./Drivers/STM32WBxx_HAL_Driver/stm32wbxx_hal_rcc.o
                0x0000000008004678                HAL_RCC_GetSysClockFreq
 .text.HAL_RCC_GetHCLKFreq
                0x0000000008004750       0x28 ./Drivers/STM32WBxx_HAL_Driver/stm32wbxx_hal_rcc.o
                0x0000000008004750                HAL_RCC_GetHCLKFreq
 .text.HAL_RCC_GetPCLK1Freq
                0x0000000008004778       0x2c ./Drivers/STM32WBxx_HAL_Driver/stm32wbxx_hal_rcc.o
                0x0000000008004778                HAL_RCC_GetPCLK1Freq
 .text.HAL_RCC_GetPCLK2Freq
                0x00000000080047a4       0x2c ./Drivers/STM32WBxx_HAL_Driver/stm32wbxx_hal_rcc.o
                0x00000000080047a4                HAL_RCC_GetPCLK2Freq
 .text.RCC_SetFlashLatencyFromMSIRange
                0x00000000080047d0       0x70 ./Drivers/STM32WBxx_HAL_Driver/stm32wbxx_hal_rcc.o
 .text.RCC_SetFlashLatency
                0x0000000008004840      0x100 ./Drivers/STM32WBxx_HAL_Driver/stm32wbxx_hal_rcc.o
 .text.LL_RCC_LSE_IsEnabled
                0x0000000008004940       0x24 ./Drivers/STM32WBxx_HAL_Driver/stm32wbxx_hal_rcc_ex.o
 .text.LL_RCC_LSE_IsReady
                0x0000000008004964       0x24 ./Drivers/STM32WBxx_HAL_Driver/stm32wbxx_hal_rcc_ex.o
 .text.LL_RCC_SetRFWKPClockSource
                0x0000000008004988       0x2c ./Drivers/STM32WBxx_HAL_Driver/stm32wbxx_hal_rcc_ex.o
 .text.LL_RCC_SetSMPSClockSource
                0x00000000080049b4       0x28 ./Drivers/STM32WBxx_HAL_Driver/stm32wbxx_hal_rcc_ex.o
 .text.LL_RCC_SetSMPSPrescaler
                0x00000000080049dc       0x28 ./Drivers/STM32WBxx_HAL_Driver/stm32wbxx_hal_rcc_ex.o
 .text.LL_RCC_SetUSARTClockSource
                0x0000000008004a04       0x2c ./Drivers/STM32WBxx_HAL_Driver/stm32wbxx_hal_rcc_ex.o
 .text.LL_RCC_SetLPUARTClockSource
                0x0000000008004a30       0x2c ./Drivers/STM32WBxx_HAL_Driver/stm32wbxx_hal_rcc_ex.o
 .text.LL_RCC_SetI2CClockSource
                0x0000000008004a5c       0x3a ./Drivers/STM32WBxx_HAL_Driver/stm32wbxx_hal_rcc_ex.o
 .text.LL_RCC_SetLPTIMClockSource
                0x0000000008004a96       0x34 ./Drivers/STM32WBxx_HAL_Driver/stm32wbxx_hal_rcc_ex.o
 .text.LL_RCC_SetSAIClockSource
                0x0000000008004aca       0x2c ./Drivers/STM32WBxx_HAL_Driver/stm32wbxx_hal_rcc_ex.o
 .text.LL_RCC_SetRNGClockSource
                0x0000000008004af6       0x2c ./Drivers/STM32WBxx_HAL_Driver/stm32wbxx_hal_rcc_ex.o
 .text.LL_RCC_SetCLK48ClockSource
                0x0000000008004b22       0x2c ./Drivers/STM32WBxx_HAL_Driver/stm32wbxx_hal_rcc_ex.o
 .text.LL_RCC_SetUSBClockSource
                0x0000000008004b4e       0x16 ./Drivers/STM32WBxx_HAL_Driver/stm32wbxx_hal_rcc_ex.o
 .text.LL_RCC_SetADCClockSource
                0x0000000008004b64       0x2c ./Drivers/STM32WBxx_HAL_Driver/stm32wbxx_hal_rcc_ex.o
 .text.LL_RCC_SetRTCClockSource
                0x0000000008004b90       0x2c ./Drivers/STM32WBxx_HAL_Driver/stm32wbxx_hal_rcc_ex.o
 .text.LL_RCC_GetRTCClockSource
                0x0000000008004bbc       0x1a ./Drivers/STM32WBxx_HAL_Driver/stm32wbxx_hal_rcc_ex.o
 .text.LL_RCC_ForceBackupDomainReset
                0x0000000008004bd6       0x22 ./Drivers/STM32WBxx_HAL_Driver/stm32wbxx_hal_rcc_ex.o
 .text.LL_RCC_ReleaseBackupDomainReset
                0x0000000008004bf8       0x22 ./Drivers/STM32WBxx_HAL_Driver/stm32wbxx_hal_rcc_ex.o
 .text.LL_RCC_PLLSAI1_Enable
                0x0000000008004c1a       0x1e ./Drivers/STM32WBxx_HAL_Driver/stm32wbxx_hal_rcc_ex.o
 .text.LL_RCC_PLLSAI1_Disable
                0x0000000008004c38       0x1e ./Drivers/STM32WBxx_HAL_Driver/stm32wbxx_hal_rcc_ex.o
 .text.LL_RCC_PLLSAI1_IsReady
                0x0000000008004c56       0x24 ./Drivers/STM32WBxx_HAL_Driver/stm32wbxx_hal_rcc_ex.o
 .text.HAL_RCCEx_PeriphCLKConfig
                0x0000000008004c7a      0x2ec ./Drivers/STM32WBxx_HAL_Driver/stm32wbxx_hal_rcc_ex.o
                0x0000000008004c7a                HAL_RCCEx_PeriphCLKConfig
 .text.RCCEx_PLLSAI1_ConfigNP
                0x0000000008004f66       0xb6 ./Drivers/STM32WBxx_HAL_Driver/stm32wbxx_hal_rcc_ex.o
 .text.RCCEx_PLLSAI1_ConfigNQ
                0x000000000800501c       0xb6 ./Drivers/STM32WBxx_HAL_Driver/stm32wbxx_hal_rcc_ex.o
 .text.RCCEx_PLLSAI1_ConfigNR
                0x00000000080050d2       0xb6 ./Drivers/STM32WBxx_HAL_Driver/stm32wbxx_hal_rcc_ex.o
 .text.LL_RCC_GetUSARTClockSource
                0x0000000008005188       0x20 ./Drivers/STM32WBxx_HAL_Driver/stm32wbxx_hal_uart.o
 .text.LL_RCC_GetLPUARTClockSource
                0x00000000080051a8       0x20 ./Drivers/STM32WBxx_HAL_Driver/stm32wbxx_hal_uart.o
 .text.HAL_UART_Init
                0x00000000080051c8       0xa0 ./Drivers/STM32WBxx_HAL_Driver/stm32wbxx_hal_uart.o
                0x00000000080051c8                HAL_UART_Init
 .text.HAL_UART_Transmit_IT
                0x0000000008005268      0x150 ./Drivers/STM32WBxx_HAL_Driver/stm32wbxx_hal_uart.o
                0x0000000008005268                HAL_UART_Transmit_IT
 .text.HAL_UART_Transmit_DMA
                0x00000000080053b8      0x124 ./Drivers/STM32WBxx_HAL_Driver/stm32wbxx_hal_uart.o
                0x00000000080053b8                HAL_UART_Transmit_DMA
 .text.HAL_UART_IRQHandler
                0x00000000080054dc      0x630 ./Drivers/STM32WBxx_HAL_Driver/stm32wbxx_hal_uart.o
                0x00000000080054dc                HAL_UART_IRQHandler
 .text.HAL_UART_TxHalfCpltCallback
                0x0000000008005b0c       0x14 ./Drivers/STM32WBxx_HAL_Driver/stm32wbxx_hal_uart.o
                0x0000000008005b0c                HAL_UART_TxHalfCpltCallback
 .text.HAL_UART_ErrorCallback
                0x0000000008005b20       0x14 ./Drivers/STM32WBxx_HAL_Driver/stm32wbxx_hal_uart.o
                0x0000000008005b20                HAL_UART_ErrorCallback
 .text.HAL_UARTEx_RxEventCallback
                0x0000000008005b34       0x18 ./Drivers/STM32WBxx_HAL_Driver/stm32wbxx_hal_uart.o
                0x0000000008005b34                HAL_UARTEx_RxEventCallback
 .text.UART_SetConfig
                0x0000000008005b4c      0x40c ./Drivers/STM32WBxx_HAL_Driver/stm32wbxx_hal_uart.o
                0x0000000008005b4c                UART_SetConfig
 .text.UART_AdvFeatureConfig
                0x0000000008005f58      0x144 ./Drivers/STM32WBxx_HAL_Driver/stm32wbxx_hal_uart.o
                0x0000000008005f58                UART_AdvFeatureConfig
 .text.UART_CheckIdleState
                0x000000000800609c       0x96 ./Drivers/STM32WBxx_HAL_Driver/stm32wbxx_hal_uart.o
                0x000000000800609c                UART_CheckIdleState
 .text.UART_WaitOnFlagUntilTimeout
                0x0000000008006132      0x190 ./Drivers/STM32WBxx_HAL_Driver/stm32wbxx_hal_uart.o
                0x0000000008006132                UART_WaitOnFlagUntilTimeout
 .text.UART_EndTxTransfer
                0x00000000080062c2       0x82 ./Drivers/STM32WBxx_HAL_Driver/stm32wbxx_hal_uart.o
 .text.UART_EndRxTransfer
                0x0000000008006344       0xcc ./Drivers/STM32WBxx_HAL_Driver/stm32wbxx_hal_uart.o
 .text.UART_DMATransmitCplt
                0x0000000008006410       0x9a ./Drivers/STM32WBxx_HAL_Driver/stm32wbxx_hal_uart.o
 .text.UART_DMATxHalfCplt
                0x00000000080064aa       0x1c ./Drivers/STM32WBxx_HAL_Driver/stm32wbxx_hal_uart.o
 .text.UART_DMAError
                0x00000000080064c6       0x80 ./Drivers/STM32WBxx_HAL_Driver/stm32wbxx_hal_uart.o
 .text.UART_DMAAbortOnError
                0x0000000008006546       0x2c ./Drivers/STM32WBxx_HAL_Driver/stm32wbxx_hal_uart.o
 .text.UART_TxISR_8BIT
                0x0000000008006572       0xb8 ./Drivers/STM32WBxx_HAL_Driver/stm32wbxx_hal_uart.o
 .text.UART_TxISR_16BIT
                0x000000000800662a       0xc2 ./Drivers/STM32WBxx_HAL_Driver/stm32wbxx_hal_uart.o
 .text.UART_TxISR_8BIT_FIFOEN
                0x00000000080066ec       0xe0 ./Drivers/STM32WBxx_HAL_Driver/stm32wbxx_hal_uart.o
 .text.UART_TxISR_16BIT_FIFOEN
                0x00000000080067cc       0xea ./Drivers/STM32WBxx_HAL_Driver/stm32wbxx_hal_uart.o
 .text.UART_EndTransmit_IT
                0x00000000080068b6       0x56 ./Drivers/STM32WBxx_HAL_Driver/stm32wbxx_hal_uart.o
 .text.HAL_UARTEx_WakeupCallback
                0x000000000800690c       0x14 ./Drivers/STM32WBxx_HAL_Driver/stm32wbxx_hal_uart_ex.o
                0x000000000800690c                HAL_UARTEx_WakeupCallback
 .text.HAL_UARTEx_RxFifoFullCallback
                0x0000000008006920       0x14 ./Drivers/STM32WBxx_HAL_Driver/stm32wbxx_hal_uart_ex.o
                0x0000000008006920                HAL_UARTEx_RxFifoFullCallback
 .text.HAL_UARTEx_TxFifoEmptyCallback
                0x0000000008006934       0x14 ./Drivers/STM32WBxx_HAL_Driver/stm32wbxx_hal_uart_ex.o
                0x0000000008006934                HAL_UARTEx_TxFifoEmptyCallback
 .text.HAL_UARTEx_DisableFifoMode
                0x0000000008006948       0x72 ./Drivers/STM32WBxx_HAL_Driver/stm32wbxx_hal_uart_ex.o
                0x0000000008006948                HAL_UARTEx_DisableFifoMode
 .text.HAL_UARTEx_SetTxFifoThreshold
                0x00000000080069ba       0x7c ./Drivers/STM32WBxx_HAL_Driver/stm32wbxx_hal_uart_ex.o
                0x00000000080069ba                HAL_UARTEx_SetTxFifoThreshold
 .text.HAL_UARTEx_SetRxFifoThreshold
                0x0000000008006a36       0x7c ./Drivers/STM32WBxx_HAL_Driver/stm32wbxx_hal_uart_ex.o
                0x0000000008006a36                HAL_UARTEx_SetRxFifoThreshold
 *fill*         0x0000000008006ab2        0x2 
 .text.UARTEx_SetNbDataToProcess
                0x0000000008006ab4       0x9c ./Drivers/STM32WBxx_HAL_Driver/stm32wbxx_hal_uart_ex.o
 .text.HAL_BLE_LLD_Init
                0x0000000008006b50       0x26 ./Middlewares/STM32_WPAN/ble_hal.o
                0x0000000008006b50                HAL_BLE_LLD_Init
 .text.HAL_BLE_LLD_Configure
                0x0000000008006b76       0x56 ./Middlewares/STM32_WPAN/ble_hal.o
                0x0000000008006b76                HAL_BLE_LLD_Configure
 .text.HAL_BLE_LLD_SendPacket
                0x0000000008006bcc       0x64 ./Middlewares/STM32_WPAN/ble_hal.o
                0x0000000008006bcc                HAL_BLE_LLD_SendPacket
 .text.HAL_BLE_LLD_ReceivePacket
                0x0000000008006c30       0x5c ./Middlewares/STM32_WPAN/ble_hal.o
                0x0000000008006c30                HAL_BLE_LLD_ReceivePacket
 .text.BLE_LLD_PRX_Init
                0x0000000008006c8c       0x44 ./Middlewares/STM32_WPAN/ble_lld.o
                0x0000000008006c8c                BLE_LLD_PRX_Init
 .text.BLE_LLD_Init
                0x0000000008006cd0       0x3c ./Middlewares/STM32_WPAN/ble_lld.o
                0x0000000008006cd0                BLE_LLD_Init
 .text.BLE_LLD_SetChannel
                0x0000000008006d0c       0x34 ./Middlewares/STM32_WPAN/ble_lld.o
                0x0000000008006d0c                BLE_LLD_SetChannel
 .text.BLE_LLD_SetTxAttributes
                0x0000000008006d40       0x30 ./Middlewares/STM32_WPAN/ble_lld.o
                0x0000000008006d40                BLE_LLD_SetTxAttributes
 .text.BLE_LLD_SetBackToBackTime
                0x0000000008006d70       0x24 ./Middlewares/STM32_WPAN/ble_lld.o
                0x0000000008006d70                BLE_LLD_SetBackToBackTime
 .text.BLE_LLD_SetTxPower
                0x0000000008006d94       0x24 ./Middlewares/STM32_WPAN/ble_lld.o
                0x0000000008006d94                BLE_LLD_SetTxPower
 .text.BLE_LLD_SetTx_Rx_Phy
                0x0000000008006db8       0x3c ./Middlewares/STM32_WPAN/ble_lld.o
                0x0000000008006db8                BLE_LLD_SetTx_Rx_Phy
 .text.BLE_LLD_SetReservedArea
                0x0000000008006df4       0xd4 ./Middlewares/STM32_WPAN/ble_lld.o
                0x0000000008006df4                BLE_LLD_SetReservedArea
 .text.BLE_LLD_MakeActionPacketPending
                0x0000000008006ec8       0x28 ./Middlewares/STM32_WPAN/ble_lld.o
                0x0000000008006ec8                BLE_LLD_MakeActionPacketPending
 .text.BLE_LLD_StopActivity
                0x0000000008006ef0       0x10 ./Middlewares/STM32_WPAN/ble_lld.o
                0x0000000008006ef0                BLE_LLD_StopActivity
 .text.BLE_LLD_PRX_EventProcessInter
                0x0000000008006f00       0x64 ./Middlewares/STM32_WPAN/ble_lld.o
                0x0000000008006f00                BLE_LLD_PRX_EventProcessInter
 .text.BLE_LLD_PRX_EventProcessTask
                0x0000000008006f64       0x74 ./Middlewares/STM32_WPAN/ble_lld.o
                0x0000000008006f64                BLE_LLD_PRX_EventProcessTask
 .text.sendCommand
                0x0000000008006fd8       0x24 ./Middlewares/STM32_WPAN/ble_lld.o
 .text.eventToString
                0x0000000008006ffc       0xbc ./Middlewares/STM32_WPAN/ble_lld.o
                0x0000000008006ffc                eventToString
 .text.BLE_LLD_packetPrepareCopy
                0x00000000080070b8       0x4e ./Middlewares/STM32_WPAN/ble_lld.o
                0x00000000080070b8                BLE_LLD_packetPrepareCopy
 .text.BLE_LLD_packetExtractInPlace
                0x0000000008007106       0x36 ./Middlewares/STM32_WPAN/ble_lld.o
                0x0000000008007106                BLE_LLD_packetExtractInPlace
 .text.DbgTrace_TxCpltCallback
                0x000000000800713c       0x70 ./Middlewares/STM32_WPAN/dbg_trace.o
 .text.DbgTraceInit
                0x00000000080071ac       0x2c ./Middlewares/STM32_WPAN/dbg_trace.o
                0x00000000080071ac                DbgTraceInit
 .text._write   0x00000000080071d8       0x20 ./Middlewares/STM32_WPAN/dbg_trace.o
                0x00000000080071d8                _write
 .text.DbgTraceWrite
                0x00000000080071f8       0xb0 ./Middlewares/STM32_WPAN/dbg_trace.o
                0x00000000080071f8                DbgTraceWrite
 .text.OTP_Read
                0x00000000080072a8       0x50 ./Middlewares/STM32_WPAN/otp.o
                0x00000000080072a8                OTP_Read
 .text.SHCI_C2_BLE_LLD_Init
                0x00000000080072f8       0x2e ./Middlewares/STM32_WPAN/shci.o
                0x00000000080072f8                SHCI_C2_BLE_LLD_Init
 *fill*         0x0000000008007326        0x2 
 .text.SHCI_GetWirelessFwInfo
                0x0000000008007328      0x15c ./Middlewares/STM32_WPAN/shci.o
                0x0000000008007328                SHCI_GetWirelessFwInfo
 .text.shci_init
                0x0000000008007484       0x38 ./Middlewares/STM32_WPAN/shci_tl.o
                0x0000000008007484                shci_init
 .text.shci_user_evt_proc
                0x00000000080074bc       0x9c ./Middlewares/STM32_WPAN/shci_tl.o
                0x00000000080074bc                shci_user_evt_proc
 .text.shci_send
                0x0000000008007558       0x7c ./Middlewares/STM32_WPAN/shci_tl.o
                0x0000000008007558                shci_send
 .text.TlInit   0x00000000080075d4       0x64 ./Middlewares/STM32_WPAN/shci_tl.o
 .text.Cmd_SetStatus
                0x0000000008007638       0x50 ./Middlewares/STM32_WPAN/shci_tl.o
 .text.TlCmdEvtReceived
                0x0000000008007688       0x16 ./Middlewares/STM32_WPAN/shci_tl.o
 *fill*         0x000000000800769e        0x2 
 .text.TlUserEvtReceived
                0x00000000080076a0       0x24 ./Middlewares/STM32_WPAN/shci_tl.o
 .text.shci_register_io_bus
                0x00000000080076c4       0x28 ./Middlewares/STM32_WPAN/shci_tl_if.o
                0x00000000080076c4                shci_register_io_bus
 .text.LST_init_head
                0x00000000080076ec       0x20 ./Middlewares/STM32_WPAN/stm_list.o
                0x00000000080076ec                LST_init_head
 .text.LST_is_empty
                0x000000000800770c       0x44 ./Middlewares/STM32_WPAN/stm_list.o
                0x000000000800770c                LST_is_empty
 .text.LST_insert_head
                0x0000000008007750       0x4c ./Middlewares/STM32_WPAN/stm_list.o
                0x0000000008007750                LST_insert_head
 .text.LST_insert_tail
                0x000000000800779c       0x4c ./Middlewares/STM32_WPAN/stm_list.o
                0x000000000800779c                LST_insert_tail
 .text.LST_remove_node
                0x00000000080077e8       0x42 ./Middlewares/STM32_WPAN/stm_list.o
                0x00000000080077e8                LST_remove_node
 .text.LST_remove_head
                0x000000000800782a       0x3e ./Middlewares/STM32_WPAN/stm_list.o
                0x000000000800782a                LST_remove_head
 .text.CircularQueue_Init
                0x0000000008007868       0x64 ./Middlewares/STM32_WPAN/stm_queue.o
                0x0000000008007868                CircularQueue_Init
 .text.CircularQueue_Add
                0x00000000080078cc      0x44e ./Middlewares/STM32_WPAN/stm_queue.o
                0x00000000080078cc                CircularQueue_Add
 .text.CircularQueue_Remove
                0x0000000008007d1a      0x1e2 ./Middlewares/STM32_WPAN/stm_queue.o
                0x0000000008007d1a                CircularQueue_Remove
 .text.CircularQueue_Sense
                0x0000000008007efc      0x16e ./Middlewares/STM32_WPAN/stm_queue.o
                0x0000000008007efc                CircularQueue_Sense
 .text.TL_Enable
                0x000000000800806a        0xc ./Middlewares/STM32_WPAN/tl_mbox.o
                0x000000000800806a                TL_Enable
 *fill*         0x0000000008008076        0x2 
 .text.TL_Init  0x0000000008008078       0x74 ./Middlewares/STM32_WPAN/tl_mbox.o
                0x0000000008008078                TL_Init
 .text.HW_IPCC_BLE_RxEvtNot
                0x00000000080080ec       0x60 ./Middlewares/STM32_WPAN/tl_mbox.o
                0x00000000080080ec                HW_IPCC_BLE_RxEvtNot
 .text.HW_IPCC_BLE_AclDataAckNot
                0x000000000800814c       0x14 ./Middlewares/STM32_WPAN/tl_mbox.o
                0x000000000800814c                HW_IPCC_BLE_AclDataAckNot
 .text.TL_SYS_Init
                0x0000000008008160       0x54 ./Middlewares/STM32_WPAN/tl_mbox.o
                0x0000000008008160                TL_SYS_Init
 .text.TL_SYS_SendCmd
                0x00000000080081b4       0x38 ./Middlewares/STM32_WPAN/tl_mbox.o
                0x00000000080081b4                TL_SYS_SendCmd
 .text.HW_IPCC_SYS_CmdEvtNot
                0x00000000080081ec       0x2c ./Middlewares/STM32_WPAN/tl_mbox.o
                0x00000000080081ec                HW_IPCC_SYS_CmdEvtNot
 .text.HW_IPCC_SYS_EvtNot
                0x0000000008008218       0x44 ./Middlewares/STM32_WPAN/tl_mbox.o
                0x0000000008008218                HW_IPCC_SYS_EvtNot
 .text.TL_BLE_LLD_Init
                0x000000000800825c       0x30 ./Middlewares/STM32_WPAN/tl_mbox.o
                0x000000000800825c                TL_BLE_LLD_Init
 .text.HW_IPCC_BLE_LLD_ReceiveM0Cmd
                0x000000000800828c       0x18 ./Middlewares/STM32_WPAN/tl_mbox.o
                0x000000000800828c                HW_IPCC_BLE_LLD_ReceiveM0Cmd
 .text.TL_BLE_LLD_SendM0CmdAck
                0x00000000080082a4        0xc ./Middlewares/STM32_WPAN/tl_mbox.o
                0x00000000080082a4                TL_BLE_LLD_SendM0CmdAck
 .text.TL_BLE_LLD_SendCmd
                0x00000000080082b0       0x1c ./Middlewares/STM32_WPAN/tl_mbox.o
                0x00000000080082b0                TL_BLE_LLD_SendCmd
 .text.HW_IPCC_BLE_LLD_ReceiveRsp
                0x00000000080082cc       0x18 ./Middlewares/STM32_WPAN/tl_mbox.o
                0x00000000080082cc                HW_IPCC_BLE_LLD_ReceiveRsp
 .text.TL_BLE_LLD_SendRspAck
                0x00000000080082e4        0xc ./Middlewares/STM32_WPAN/tl_mbox.o
                0x00000000080082e4                TL_BLE_LLD_SendRspAck
 .text.TL_MM_Init
                0x00000000080082f0       0x78 ./Middlewares/STM32_WPAN/tl_mbox.o
                0x00000000080082f0                TL_MM_Init
 .text.TL_MM_EvtDone
                0x0000000008008368       0x30 ./Middlewares/STM32_WPAN/tl_mbox.o
                0x0000000008008368                TL_MM_EvtDone
 .text.SendFreeBuf
                0x0000000008008398       0x40 ./Middlewares/STM32_WPAN/tl_mbox.o
 .text.TL_TRACES_Init
                0x00000000080083d8       0x24 ./Middlewares/STM32_WPAN/tl_mbox.o
                0x00000000080083d8                TL_TRACES_Init
 .text.HW_IPCC_TRACES_EvtNot
                0x00000000080083fc       0x34 ./Middlewares/STM32_WPAN/tl_mbox.o
                0x00000000080083fc                HW_IPCC_TRACES_EvtNot
 .text.OutputDbgTrace
                0x0000000008008430       0xac ./Middlewares/STM32_WPAN/tl_mbox.o
 .text.UTIL_LPM_Init
                0x00000000080084dc       0x24 ./Utilities/stm32_lpm.o
                0x00000000080084dc                UTIL_LPM_Init
 .text.UTIL_LPM_SetStopMode
                0x0000000008008500       0x60 ./Utilities/stm32_lpm.o
                0x0000000008008500                UTIL_LPM_SetStopMode
 .text.UTIL_LPM_SetOffMode
                0x0000000008008560       0x60 ./Utilities/stm32_lpm.o
                0x0000000008008560                UTIL_LPM_SetOffMode
 .text.UTIL_SEQ_Run
                0x00000000080085c0      0x1d4 ./Utilities/stm32_seq.o
                0x00000000080085c0                UTIL_SEQ_Run
 .text.UTIL_SEQ_RegTask
                0x0000000008008794       0x44 ./Utilities/stm32_seq.o
                0x0000000008008794                UTIL_SEQ_RegTask
 .text.UTIL_SEQ_SetTask
                0x00000000080087d8       0x58 ./Utilities/stm32_seq.o
                0x00000000080087d8                UTIL_SEQ_SetTask
 .text.UTIL_SEQ_SetEvt
                0x0000000008008830       0x40 ./Utilities/stm32_seq.o
                0x0000000008008830                UTIL_SEQ_SetEvt
 .text.UTIL_SEQ_ClrEvt
                0x0000000008008870       0x40 ./Utilities/stm32_seq.o
                0x0000000008008870                UTIL_SEQ_ClrEvt
 .text.UTIL_SEQ_WaitEvt
                0x00000000080088b0       0x9c ./Utilities/stm32_seq.o
                0x00000000080088b0                UTIL_SEQ_WaitEvt
 .text.UTIL_SEQ_EvtIdle
                0x000000000800894c       0x1c ./Utilities/stm32_seq.o
                0x000000000800894c                UTIL_SEQ_EvtIdle
 .text.UTIL_SEQ_PreIdle
                0x0000000008008968        0xe ./Utilities/stm32_seq.o
                0x0000000008008968                UTIL_SEQ_PreIdle
 .text.UTIL_SEQ_PostIdle
                0x0000000008008976        0xe ./Utilities/stm32_seq.o
                0x0000000008008976                UTIL_SEQ_PostIdle
 .text.SEQ_BitPosition
                0x0000000008008984       0x74 ./Utilities/stm32_seq.o
                0x0000000008008984                SEQ_BitPosition
 .text.__errno  0x00000000080089f8        0xc c:/st/stm32cubeide_1.6.1/stm32cubeide/plugins/com.st.stm32cube.ide.mcu.externaltools.gnu-tools-for-stm32.9-2020-q2-update.win32_2.0.0.202105311346/tools/bin/../lib/gcc/arm-none-eabi/9.3.1/../../../../arm-none-eabi/lib/thumb/v7e-m+fp/hard\libc_nano.a(lib_a-errno.o)
                0x00000000080089f8                __errno
 .text.__libc_init_array
                0x0000000008008a04       0x48 c:/st/stm32cubeide_1.6.1/stm32cubeide/plugins/com.st.stm32cube.ide.mcu.externaltools.gnu-tools-for-stm32.9-2020-q2-update.win32_2.0.0.202105311346/tools/bin/../lib/gcc/arm-none-eabi/9.3.1/../../../../arm-none-eabi/lib/thumb/v7e-m+fp/hard\libc_nano.a(lib_a-init.o)
                0x0000000008008a04                __libc_init_array
 .text.memcpy   0x0000000008008a4c       0x1c c:/st/stm32cubeide_1.6.1/stm32cubeide/plugins/com.st.stm32cube.ide.mcu.externaltools.gnu-tools-for-stm32.9-2020-q2-update.win32_2.0.0.202105311346/tools/bin/../lib/gcc/arm-none-eabi/9.3.1/../../../../arm-none-eabi/lib/thumb/v7e-m+fp/hard\libc_nano.a(lib_a-memcpy-stub.o)
                0x0000000008008a4c                memcpy
 .text.memset   0x0000000008008a68       0x10 c:/st/stm32cubeide_1.6.1/stm32cubeide/plugins/com.st.stm32cube.ide.mcu.externaltools.gnu-tools-for-stm32.9-2020-q2-update.win32_2.0.0.202105311346/tools/bin/../lib/gcc/arm-none-eabi/9.3.1/../../../../arm-none-eabi/lib/thumb/v7e-m+fp/hard\libc_nano.a(lib_a-memset.o)
                0x0000000008008a68                memset
 .text.printf   0x0000000008008a78       0x30 c:/st/stm32cubeide_1.6.1/stm32cubeide/plugins/com.st.stm32cube.ide.mcu.externaltools.gnu-tools-for-stm32.9-2020-q2-update.win32_2.0.0.202105311346/tools/bin/../lib/gcc/arm-none-eabi/9.3.1/../../../../arm-none-eabi/lib/thumb/v7e-m+fp/hard\libc_nano.a(lib_a-printf.o)
                0x0000000008008a78                iprintf
                0x0000000008008a78                printf
 .text.snprintf
                0x0000000008008aa8       0x68 c:/st/stm32cubeide_1.6.1/stm32cubeide/plugins/com.st.stm32cube.ide.mcu.externaltools.gnu-tools-for-stm32.9-2020-q2-update.win32_2.0.0.202105311346/tools/bin/../lib/gcc/arm-none-eabi/9.3.1/../../../../arm-none-eabi/lib/thumb/v7e-m+fp/hard\libc_nano.a(lib_a-snprintf.o)
                0x0000000008008aa8                sniprintf
                0x0000000008008aa8                snprintf
 .text._vsnprintf_r
                0x0000000008008b10       0x58 c:/st/stm32cubeide_1.6.1/stm32cubeide/plugins/com.st.stm32cube.ide.mcu.externaltools.gnu-tools-for-stm32.9-2020-q2-update.win32_2.0.0.202105311346/tools/bin/../lib/gcc/arm-none-eabi/9.3.1/../../../../arm-none-eabi/lib/thumb/v7e-m+fp/hard\libc_nano.a(lib_a-vsnprintf.o)
                0x0000000008008b10                _vsniprintf_r
                0x0000000008008b10                _vsnprintf_r
 .text.vsnprintf
                0x0000000008008b68       0x1c c:/st/stm32cubeide_1.6.1/stm32cubeide/plugins/com.st.stm32cube.ide.mcu.externaltools.gnu-tools-for-stm32.9-2020-q2-update.win32_2.0.0.202105311346/tools/bin/../lib/gcc/arm-none-eabi/9.3.1/../../../../arm-none-eabi/lib/thumb/v7e-m+fp/hard\libc_nano.a(lib_a-vsnprintf.o)
                0x0000000008008b68                vsniprintf
                0x0000000008008b68                vsnprintf
 .text.std      0x0000000008008b84       0x48 c:/st/stm32cubeide_1.6.1/stm32cubeide/plugins/com.st.stm32cube.ide.mcu.externaltools.gnu-tools-for-stm32.9-2020-q2-update.win32_2.0.0.202105311346/tools/bin/../lib/gcc/arm-none-eabi/9.3.1/../../../../arm-none-eabi/lib/thumb/v7e-m+fp/hard\libc_nano.a(lib_a-findfp.o)
 .text._cleanup_r
                0x0000000008008bcc        0xc c:/st/stm32cubeide_1.6.1/stm32cubeide/plugins/com.st.stm32cube.ide.mcu.externaltools.gnu-tools-for-stm32.9-2020-q2-update.win32_2.0.0.202105311346/tools/bin/../lib/gcc/arm-none-eabi/9.3.1/../../../../arm-none-eabi/lib/thumb/v7e-m+fp/hard\libc_nano.a(lib_a-findfp.o)
                0x0000000008008bcc                _cleanup_r
 .text.__sfmoreglue
                0x0000000008008bd8       0x2c c:/st/stm32cubeide_1.6.1/stm32cubeide/plugins/com.st.stm32cube.ide.mcu.externaltools.gnu-tools-for-stm32.9-2020-q2-update.win32_2.0.0.202105311346/tools/bin/../lib/gcc/arm-none-eabi/9.3.1/../../../../arm-none-eabi/lib/thumb/v7e-m+fp/hard\libc_nano.a(lib_a-findfp.o)
                0x0000000008008bd8                __sfmoreglue
 .text.__sfp_lock_acquire
                0x0000000008008c04        0xc c:/st/stm32cubeide_1.6.1/stm32cubeide/plugins/com.st.stm32cube.ide.mcu.externaltools.gnu-tools-for-stm32.9-2020-q2-update.win32_2.0.0.202105311346/tools/bin/../lib/gcc/arm-none-eabi/9.3.1/../../../../arm-none-eabi/lib/thumb/v7e-m+fp/hard\libc_nano.a(lib_a-findfp.o)
                0x0000000008008c04                __sfp_lock_acquire
 .text.__sfp_lock_release
                0x0000000008008c10        0xc c:/st/stm32cubeide_1.6.1/stm32cubeide/plugins/com.st.stm32cube.ide.mcu.externaltools.gnu-tools-for-stm32.9-2020-q2-update.win32_2.0.0.202105311346/tools/bin/../lib/gcc/arm-none-eabi/9.3.1/../../../../arm-none-eabi/lib/thumb/v7e-m+fp/hard\libc_nano.a(lib_a-findfp.o)
                0x0000000008008c10                __sfp_lock_release
 .text.__sinit_lock_acquire
                0x0000000008008c1c        0xc c:/st/stm32cubeide_1.6.1/stm32cubeide/plugins/com.st.stm32cube.ide.mcu.externaltools.gnu-tools-for-stm32.9-2020-q2-update.win32_2.0.0.202105311346/tools/bin/../lib/gcc/arm-none-eabi/9.3.1/../../../../arm-none-eabi/lib/thumb/v7e-m+fp/hard\libc_nano.a(lib_a-findfp.o)
                0x0000000008008c1c                __sinit_lock_acquire
 .text.__sinit_lock_release
                0x0000000008008c28        0xc c:/st/stm32cubeide_1.6.1/stm32cubeide/plugins/com.st.stm32cube.ide.mcu.externaltools.gnu-tools-for-stm32.9-2020-q2-update.win32_2.0.0.202105311346/tools/bin/../lib/gcc/arm-none-eabi/9.3.1/../../../../arm-none-eabi/lib/thumb/v7e-m+fp/hard\libc_nano.a(lib_a-findfp.o)
                0x0000000008008c28                __sinit_lock_release
 .text.__sinit  0x0000000008008c34       0x70 c:/st/stm32cubeide_1.6.1/stm32cubeide/plugins/com.st.stm32cube.ide.mcu.externaltools.gnu-tools-for-stm32.9-2020-q2-update.win32_2.0.0.202105311346/tools/bin/../lib/gcc/arm-none-eabi/9.3.1/../../../../arm-none-eabi/lib/thumb/v7e-m+fp/hard\libc_nano.a(lib_a-findfp.o)
                0x0000000008008c34                __sinit
 .text.__sfp    0x0000000008008ca4       0x8c c:/st/stm32cubeide_1.6.1/stm32cubeide/plugins/com.st.stm32cube.ide.mcu.externaltools.gnu-tools-for-stm32.9-2020-q2-update.win32_2.0.0.202105311346/tools/bin/../lib/gcc/arm-none-eabi/9.3.1/../../../../arm-none-eabi/lib/thumb/v7e-m+fp/hard\libc_nano.a(lib_a-findfp.o)
                0x0000000008008ca4                __sfp
 .text._fwalk_reent
                0x0000000008008d30       0x3e c:/st/stm32cubeide_1.6.1/stm32cubeide/plugins/com.st.stm32cube.ide.mcu.externaltools.gnu-tools-for-stm32.9-2020-q2-update.win32_2.0.0.202105311346/tools/bin/../lib/gcc/arm-none-eabi/9.3.1/../../../../arm-none-eabi/lib/thumb/v7e-m+fp/hard\libc_nano.a(lib_a-fwalk.o)
                0x0000000008008d30                _fwalk_reent
 .text.__retarget_lock_init_recursive
                0x0000000008008d6e        0x2 c:/st/stm32cubeide_1.6.1/stm32cubeide/plugins/com.st.stm32cube.ide.mcu.externaltools.gnu-tools-for-stm32.9-2020-q2-update.win32_2.0.0.202105311346/tools/bin/../lib/gcc/arm-none-eabi/9.3.1/../../../../arm-none-eabi/lib/thumb/v7e-m+fp/hard\libc_nano.a(lib_a-lock.o)
                0x0000000008008d6e                __retarget_lock_init_recursive
 .text.__retarget_lock_acquire_recursive
                0x0000000008008d70        0x2 c:/st/stm32cubeide_1.6.1/stm32cubeide/plugins/com.st.stm32cube.ide.mcu.externaltools.gnu-tools-for-stm32.9-2020-q2-update.win32_2.0.0.202105311346/tools/bin/../lib/gcc/arm-none-eabi/9.3.1/../../../../arm-none-eabi/lib/thumb/v7e-m+fp/hard\libc_nano.a(lib_a-lock.o)
                0x0000000008008d70                __retarget_lock_acquire_recursive
 .text.__retarget_lock_release_recursive
                0x0000000008008d72        0x2 c:/st/stm32cubeide_1.6.1/stm32cubeide/plugins/com.st.stm32cube.ide.mcu.externaltools.gnu-tools-for-stm32.9-2020-q2-update.win32_2.0.0.202105311346/tools/bin/../lib/gcc/arm-none-eabi/9.3.1/../../../../arm-none-eabi/lib/thumb/v7e-m+fp/hard\libc_nano.a(lib_a-lock.o)
                0x0000000008008d72                __retarget_lock_release_recursive
 .text._malloc_r
                0x0000000008008d74       0xb4 c:/st/stm32cubeide_1.6.1/stm32cubeide/plugins/com.st.stm32cube.ide.mcu.externaltools.gnu-tools-for-stm32.9-2020-q2-update.win32_2.0.0.202105311346/tools/bin/../lib/gcc/arm-none-eabi/9.3.1/../../../../arm-none-eabi/lib/thumb/v7e-m+fp/hard\libc_nano.a(lib_a-nano-mallocr.o)
                0x0000000008008d74                _malloc_r
 .text.__ssputs_r
                0x0000000008008e28       0xb6 c:/st/stm32cubeide_1.6.1/stm32cubeide/plugins/com.st.stm32cube.ide.mcu.externaltools.gnu-tools-for-stm32.9-2020-q2-update.win32_2.0.0.202105311346/tools/bin/../lib/gcc/arm-none-eabi/9.3.1/../../../../arm-none-eabi/lib/thumb/v7e-m+fp/hard\libc_nano.a(lib_a-nano-svfprintf.o)
                0x0000000008008e28                __ssputs_r
 *fill*         0x0000000008008ede        0x2 
 .text._svfprintf_r
                0x0000000008008ee0      0x200 c:/st/stm32cubeide_1.6.1/stm32cubeide/plugins/com.st.stm32cube.ide.mcu.externaltools.gnu-tools-for-stm32.9-2020-q2-update.win32_2.0.0.202105311346/tools/bin/../lib/gcc/arm-none-eabi/9.3.1/../../../../arm-none-eabi/lib/thumb/v7e-m+fp/hard\libc_nano.a(lib_a-nano-svfprintf.o)
                0x0000000008008ee0                _svfiprintf_r
                0x0000000008008ee0                _svfprintf_r
 .text.__sfputc_r
                0x00000000080090e0       0x2e c:/st/stm32cubeide_1.6.1/stm32cubeide/plugins/com.st.stm32cube.ide.mcu.externaltools.gnu-tools-for-stm32.9-2020-q2-update.win32_2.0.0.202105311346/tools/bin/../lib/gcc/arm-none-eabi/9.3.1/../../../../arm-none-eabi/lib/thumb/v7e-m+fp/hard\libc_nano.a(lib_a-nano-vfprintf.o)
 .text.__sfputs_r
                0x000000000800910e       0x24 c:/st/stm32cubeide_1.6.1/stm32cubeide/plugins/com.st.stm32cube.ide.mcu.externaltools.gnu-tools-for-stm32.9-2020-q2-update.win32_2.0.0.202105311346/tools/bin/../lib/gcc/arm-none-eabi/9.3.1/../../../../arm-none-eabi/lib/thumb/v7e-m+fp/hard\libc_nano.a(lib_a-nano-vfprintf.o)
                0x000000000800910e                __sfputs_r
 *fill*         0x0000000008009132        0x2 
 .text._vfprintf_r
                0x0000000008009134      0x260 c:/st/stm32cubeide_1.6.1/stm32cubeide/plugins/com.st.stm32cube.ide.mcu.externaltools.gnu-tools-for-stm32.9-2020-q2-update.win32_2.0.0.202105311346/tools/bin/../lib/gcc/arm-none-eabi/9.3.1/../../../../arm-none-eabi/lib/thumb/v7e-m+fp/hard\libc_nano.a(lib_a-nano-vfprintf.o)
                0x0000000008009134                _vfprintf_r
                0x0000000008009134                _vfiprintf_r
 .text._printf_common
                0x0000000008009394       0xda c:/st/stm32cubeide_1.6.1/stm32cubeide/plugins/com.st.stm32cube.ide.mcu.externaltools.gnu-tools-for-stm32.9-2020-q2-update.win32_2.0.0.202105311346/tools/bin/../lib/gcc/arm-none-eabi/9.3.1/../../../../arm-none-eabi/lib/thumb/v7e-m+fp/hard\libc_nano.a(lib_a-nano-vfprintf_i.o)
                0x0000000008009394                _printf_common
 *fill*         0x000000000800946e        0x2 
 .text._printf_i
                0x0000000008009470      0x24c c:/st/stm32cubeide_1.6.1/stm32cubeide/plugins/com.st.stm32cube.ide.mcu.externaltools.gnu-tools-for-stm32.9-2020-q2-update.win32_2.0.0.202105311346/tools/bin/../lib/gcc/arm-none-eabi/9.3.1/../../../../arm-none-eabi/lib/thumb/v7e-m+fp/hard\libc_nano.a(lib_a-nano-vfprintf_i.o)
                0x0000000008009470                _printf_i
 .text._sbrk_r  0x00000000080096bc       0x20 c:/st/stm32cubeide_1.6.1/stm32cubeide/plugins/com.st.stm32cube.ide.mcu.externaltools.gnu-tools-for-stm32.9-2020-q2-update.win32_2.0.0.202105311346/tools/bin/../lib/gcc/arm-none-eabi/9.3.1/../../../../arm-none-eabi/lib/thumb/v7e-m+fp/hard\libc_nano.a(lib_a-sbrkr.o)
                0x00000000080096bc                _sbrk_r
 .text.__sread  0x00000000080096dc       0x22 c:/st/stm32cubeide_1.6.1/stm32cubeide/plugins/com.st.stm32cube.ide.mcu.externaltools.gnu-tools-for-stm32.9-2020-q2-update.win32_2.0.0.202105311346/tools/bin/../lib/gcc/arm-none-eabi/9.3.1/../../../../arm-none-eabi/lib/thumb/v7e-m+fp/hard\libc_nano.a(lib_a-stdio.o)
                0x00000000080096dc                __sread
 .text.__swrite
                0x00000000080096fe       0x38 c:/st/stm32cubeide_1.6.1/stm32cubeide/plugins/com.st.stm32cube.ide.mcu.externaltools.gnu-tools-for-stm32.9-2020-q2-update.win32_2.0.0.202105311346/tools/bin/../lib/gcc/arm-none-eabi/9.3.1/../../../../arm-none-eabi/lib/thumb/v7e-m+fp/hard\libc_nano.a(lib_a-stdio.o)
                0x00000000080096fe                __swrite
 .text.__sseek  0x0000000008009736       0x24 c:/st/stm32cubeide_1.6.1/stm32cubeide/plugins/com.st.stm32cube.ide.mcu.externaltools.gnu-tools-for-stm32.9-2020-q2-update.win32_2.0.0.202105311346/tools/bin/../lib/gcc/arm-none-eabi/9.3.1/../../../../arm-none-eabi/lib/thumb/v7e-m+fp/hard\libc_nano.a(lib_a-stdio.o)
                0x0000000008009736                __sseek
 .text.__sclose
                0x000000000800975a        0x8 c:/st/stm32cubeide_1.6.1/stm32cubeide/plugins/com.st.stm32cube.ide.mcu.externaltools.gnu-tools-for-stm32.9-2020-q2-update.win32_2.0.0.202105311346/tools/bin/../lib/gcc/arm-none-eabi/9.3.1/../../../../arm-none-eabi/lib/thumb/v7e-m+fp/hard\libc_nano.a(lib_a-stdio.o)
                0x000000000800975a                __sclose
 *fill*         0x0000000008009762        0x2 
 .text.__swbuf_r
                0x0000000008009764       0xa4 c:/st/stm32cubeide_1.6.1/stm32cubeide/plugins/com.st.stm32cube.ide.mcu.externaltools.gnu-tools-for-stm32.9-2020-q2-update.win32_2.0.0.202105311346/tools/bin/../lib/gcc/arm-none-eabi/9.3.1/../../../../arm-none-eabi/lib/thumb/v7e-m+fp/hard\libc_nano.a(lib_a-wbuf.o)
                0x0000000008009764                __swbuf_r
 .text._write_r
                0x0000000008009808       0x24 c:/st/stm32cubeide_1.6.1/stm32cubeide/plugins/com.st.stm32cube.ide.mcu.externaltools.gnu-tools-for-stm32.9-2020-q2-update.win32_2.0.0.202105311346/tools/bin/../lib/gcc/arm-none-eabi/9.3.1/../../../../arm-none-eabi/lib/thumb/v7e-m+fp/hard\libc_nano.a(lib_a-writer.o)
                0x0000000008009808                _write_r
 .text.__swsetup_r
                0x000000000800982c       0xdc c:/st/stm32cubeide_1.6.1/stm32cubeide/plugins/com.st.stm32cube.ide.mcu.externaltools.gnu-tools-for-stm32.9-2020-q2-update.win32_2.0.0.202105311346/tools/bin/../lib/gcc/arm-none-eabi/9.3.1/../../../../arm-none-eabi/lib/thumb/v7e-m+fp/hard\libc_nano.a(lib_a-wsetup.o)
                0x000000000800982c                __swsetup_r
 .text._close_r
                0x0000000008009908       0x20 c:/st/stm32cubeide_1.6.1/stm32cubeide/plugins/com.st.stm32cube.ide.mcu.externaltools.gnu-tools-for-stm32.9-2020-q2-update.win32_2.0.0.202105311346/tools/bin/../lib/gcc/arm-none-eabi/9.3.1/../../../../arm-none-eabi/lib/thumb/v7e-m+fp/hard\libc_nano.a(lib_a-closer.o)
                0x0000000008009908                _close_r
 .text.__sflush_r
                0x0000000008009928      0x10c c:/st/stm32cubeide_1.6.1/stm32cubeide/plugins/com.st.stm32cube.ide.mcu.externaltools.gnu-tools-for-stm32.9-2020-q2-update.win32_2.0.0.202105311346/tools/bin/../lib/gcc/arm-none-eabi/9.3.1/../../../../arm-none-eabi/lib/thumb/v7e-m+fp/hard\libc_nano.a(lib_a-fflush.o)
                0x0000000008009928                __sflush_r
 .text._fflush_r
                0x0000000008009a34       0x78 c:/st/stm32cubeide_1.6.1/stm32cubeide/plugins/com.st.stm32cube.ide.mcu.externaltools.gnu-tools-for-stm32.9-2020-q2-update.win32_2.0.0.202105311346/tools/bin/../lib/gcc/arm-none-eabi/9.3.1/../../../../arm-none-eabi/lib/thumb/v7e-m+fp/hard\libc_nano.a(lib_a-fflush.o)
                0x0000000008009a34                _fflush_r
 .text._lseek_r
                0x0000000008009aac       0x24 c:/st/stm32cubeide_1.6.1/stm32cubeide/plugins/com.st.stm32cube.ide.mcu.externaltools.gnu-tools-for-stm32.9-2020-q2-update.win32_2.0.0.202105311346/tools/bin/../lib/gcc/arm-none-eabi/9.3.1/../../../../arm-none-eabi/lib/thumb/v7e-m+fp/hard\libc_nano.a(lib_a-lseekr.o)
                0x0000000008009aac                _lseek_r
 .text.__swhatbuf_r
                0x0000000008009ad0       0x48 c:/st/stm32cubeide_1.6.1/stm32cubeide/plugins/com.st.stm32cube.ide.mcu.externaltools.gnu-tools-for-stm32.9-2020-q2-update.win32_2.0.0.202105311346/tools/bin/../lib/gcc/arm-none-eabi/9.3.1/../../../../arm-none-eabi/lib/thumb/v7e-m+fp/hard\libc_nano.a(lib_a-makebuf.o)
                0x0000000008009ad0                __swhatbuf_r
 .text.__smakebuf_r
                0x0000000008009b18       0x80 c:/st/stm32cubeide_1.6.1/stm32cubeide/plugins/com.st.stm32cube.ide.mcu.externaltools.gnu-tools-for-stm32.9-2020-q2-update.win32_2.0.0.202105311346/tools/bin/../lib/gcc/arm-none-eabi/9.3.1/../../../../arm-none-eabi/lib/thumb/v7e-m+fp/hard\libc_nano.a(lib_a-makebuf.o)
                0x0000000008009b18                __smakebuf_r
 .text.memmove  0x0000000008009b98       0x34 c:/st/stm32cubeide_1.6.1/stm32cubeide/plugins/com.st.stm32cube.ide.mcu.externaltools.gnu-tools-for-stm32.9-2020-q2-update.win32_2.0.0.202105311346/tools/bin/../lib/gcc/arm-none-eabi/9.3.1/../../../../arm-none-eabi/lib/thumb/v7e-m+fp/hard\libc_nano.a(lib_a-memmove.o)
                0x0000000008009b98                memmove
 .text.__malloc_lock
                0x0000000008009bcc        0xc c:/st/stm32cubeide_1.6.1/stm32cubeide/plugins/com.st.stm32cube.ide.mcu.externaltools.gnu-tools-for-stm32.9-2020-q2-update.win32_2.0.0.202105311346/tools/bin/../lib/gcc/arm-none-eabi/9.3.1/../../../../arm-none-eabi/lib/thumb/v7e-m+fp/hard\libc_nano.a(lib_a-mlock.o)
                0x0000000008009bcc                __malloc_lock
 .text.__malloc_unlock
                0x0000000008009bd8        0xc c:/st/stm32cubeide_1.6.1/stm32cubeide/plugins/com.st.stm32cube.ide.mcu.externaltools.gnu-tools-for-stm32.9-2020-q2-update.win32_2.0.0.202105311346/tools/bin/../lib/gcc/arm-none-eabi/9.3.1/../../../../arm-none-eabi/lib/thumb/v7e-m+fp/hard\libc_nano.a(lib_a-mlock.o)
                0x0000000008009bd8                __malloc_unlock
 .text._free_r  0x0000000008009be4       0xa0 c:/st/stm32cubeide_1.6.1/stm32cubeide/plugins/com.st.stm32cube.ide.mcu.externaltools.gnu-tools-for-stm32.9-2020-q2-update.win32_2.0.0.202105311346/tools/bin/../lib/gcc/arm-none-eabi/9.3.1/../../../../arm-none-eabi/lib/thumb/v7e-m+fp/hard\libc_nano.a(lib_a-nano-freer.o)
                0x0000000008009be4                _free_r
 .text._realloc_r
                0x0000000008009c84       0x4c c:/st/stm32cubeide_1.6.1/stm32cubeide/plugins/com.st.stm32cube.ide.mcu.externaltools.gnu-tools-for-stm32.9-2020-q2-update.win32_2.0.0.202105311346/tools/bin/../lib/gcc/arm-none-eabi/9.3.1/../../../../arm-none-eabi/lib/thumb/v7e-m+fp/hard\libc_nano.a(lib_a-nano-reallocr.o)
                0x0000000008009c84                _realloc_r
 .text._read_r  0x0000000008009cd0       0x24 c:/st/stm32cubeide_1.6.1/stm32cubeide/plugins/com.st.stm32cube.ide.mcu.externaltools.gnu-tools-for-stm32.9-2020-q2-update.win32_2.0.0.202105311346/tools/bin/../lib/gcc/arm-none-eabi/9.3.1/../../../../arm-none-eabi/lib/thumb/v7e-m+fp/hard\libc_nano.a(lib_a-readr.o)
                0x0000000008009cd0                _read_r
 .text._fstat_r
                0x0000000008009cf4       0x24 c:/st/stm32cubeide_1.6.1/stm32cubeide/plugins/com.st.stm32cube.ide.mcu.externaltools.gnu-tools-for-stm32.9-2020-q2-update.win32_2.0.0.202105311346/tools/bin/../lib/gcc/arm-none-eabi/9.3.1/../../../../arm-none-eabi/lib/thumb/v7e-m+fp/hard\libc_nano.a(lib_a-fstatr.o)
                0x0000000008009cf4                _fstat_r
 .text._isatty_r
                0x0000000008009d18       0x20 c:/st/stm32cubeide_1.6.1/stm32cubeide/plugins/com.st.stm32cube.ide.mcu.externaltools.gnu-tools-for-stm32.9-2020-q2-update.win32_2.0.0.202105311346/tools/bin/../lib/gcc/arm-none-eabi/9.3.1/../../../../arm-none-eabi/lib/thumb/v7e-m+fp/hard\libc_nano.a(lib_a-isattyr.o)
                0x0000000008009d18                _isatty_r
 .text._malloc_usable_size_r
                0x0000000008009d38       0x10 c:/st/stm32cubeide_1.6.1/stm32cubeide/plugins/com.st.stm32cube.ide.mcu.externaltools.gnu-tools-for-stm32.9-2020-q2-update.win32_2.0.0.202105311346/tools/bin/../lib/gcc/arm-none-eabi/9.3.1/../../../../arm-none-eabi/lib/thumb/v7e-m+fp/hard\libc_nano.a(lib_a-nano-msizer.o)
                0x0000000008009d38                _malloc_usable_size_r
 *(.glue_7)
 .glue_7        0x0000000008009d48        0x0 linker stubs
 *(.glue_7t)
 .glue_7t       0x0000000008009d48        0x0 linker stubs
 *(.eh_frame)
 .eh_frame      0x0000000008009d48        0x0 c:/st/stm32cubeide_1.6.1/stm32cubeide/plugins/com.st.stm32cube.ide.mcu.externaltools.gnu-tools-for-stm32.9-2020-q2-update.win32_2.0.0.202105311346/tools/bin/../lib/gcc/arm-none-eabi/9.3.1/thumb/v7e-m+fp/hard/crtbegin.o
 *(.init)
 .init          0x0000000008009d48        0x4 c:/st/stm32cubeide_1.6.1/stm32cubeide/plugins/com.st.stm32cube.ide.mcu.externaltools.gnu-tools-for-stm32.9-2020-q2-update.win32_2.0.0.202105311346/tools/bin/../lib/gcc/arm-none-eabi/9.3.1/thumb/v7e-m+fp/hard/crti.o
                0x0000000008009d48                _init
 .init          0x0000000008009d4c        0x8 c:/st/stm32cubeide_1.6.1/stm32cubeide/plugins/com.st.stm32cube.ide.mcu.externaltools.gnu-tools-for-stm32.9-2020-q2-update.win32_2.0.0.202105311346/tools/bin/../lib/gcc/arm-none-eabi/9.3.1/thumb/v7e-m+fp/hard/crtn.o
 *(.fini)
 .fini          0x0000000008009d54        0x4 c:/st/stm32cubeide_1.6.1/stm32cubeide/plugins/com.st.stm32cube.ide.mcu.externaltools.gnu-tools-for-stm32.9-2020-q2-update.win32_2.0.0.202105311346/tools/bin/../lib/gcc/arm-none-eabi/9.3.1/thumb/v7e-m+fp/hard/crti.o
                0x0000000008009d54                _fini
 .fini          0x0000000008009d58        0x8 c:/st/stm32cubeide_1.6.1/stm32cubeide/plugins/com.st.stm32cube.ide.mcu.externaltools.gnu-tools-for-stm32.9-2020-q2-update.win32_2.0.0.202105311346/tools/bin/../lib/gcc/arm-none-eabi/9.3.1/thumb/v7e-m+fp/hard/crtn.o
                0x0000000008009d60                . = ALIGN (0x4)
                0x0000000008009d60                _etext = .

.vfp11_veneer   0x0000000008009d60        0x0
 .vfp11_veneer  0x0000000008009d60        0x0 linker stubs

.v4_bx          0x0000000008009d60        0x0
 .v4_bx         0x0000000008009d60        0x0 linker stubs

.iplt           0x0000000008009d60        0x0
 .iplt          0x0000000008009d60        0x0 c:/st/stm32cubeide_1.6.1/stm32cubeide/plugins/com.st.stm32cube.ide.mcu.externaltools.gnu-tools-for-stm32.9-2020-q2-update.win32_2.0.0.202105311346/tools/bin/../lib/gcc/arm-none-eabi/9.3.1/thumb/v7e-m+fp/hard/crtbegin.o

.rodata         0x0000000008009d60      0x700
                0x0000000008009d60                . = ALIGN (0x4)
 *(.rodata)
 .rodata        0x0000000008009d60       0xc1 ./Application/User/Core/app_entry.o