ble_lld.c:78:6:BLE_LLD_PRX_Init	24	static
ble_lld.c:101:6:BLE_LLD_Init	16	static
ble_lld.c:118:9:BLE_LLD_GetStatus	8	static
ble_lld.c:133:6:BLE_LLD_SetEncryptionCount	24	static
ble_lld.c:148:6:BLE_LLD_SetEncryptionAttributes	24	static
ble_lld.c:164:6:BLE_LLD_SetEncryptFlags	16	static
ble_lld.c:178:6:BLE_LLD_SetChannel	16	static
ble_lld.c:194:6:BLE_LLD_SetTxAttributes	16	static
ble_lld.c:210:6:BLE_LLD_SetBackToBackTime	16	static
ble_lld.c:223:6:BLE_LLD_SetTxPower	16	static
ble_lld.c:236:6:BLE_LLD_SetTx_Rx_Phy	16	static
ble_lld.c:251:6:BLE_LLD_SetReservedArea	24	static
ble_lld.c:283:9:BLE_LLD_MakeActionPacketPending	16	static
ble_lld.c:298:9:BLE_LLD_StopActivity	8	static
ble_lld.c:312:6:BLE_LLD_StartTone	16	static
ble_lld.c:325:6:BLE_LLD_StopTone	8	static
ble_lld.c:341:6:BLE_LLD_PRX_EventProcessInter	24	static
ble_lld.c:361:6:BLE_LLD_PRX_EventProcessTask	24	static
ble_lld.c:376:16:sendCommand	16	static
ble_lld.c:380:13:eventToString	16	static
ble_lld.c:402:9:BLE_LLD_packetPrepareCopy	32	static
ble_lld.c:419:9:BLE_LLD_packetPrepareInPlace	24	static
ble_lld.c:433:9:BLE_LLD_packetExtractCopy	32	static
ble_lld.c:446:9:BLE_LLD_packetExtractInPlace	32	static
ble_lld.c:459:9:BLE_LLD_packetGetSize	24	static
