tl_mbox.c:82:6:TL_Enable	8	static
tl_mbox.c:90:6:TL_Init	8	static
tl_mbox.c:110:9:TL_BLE_Init	24	static
tl_mbox.c:133:9:TL_BLE_SendCmd	16	static
tl_mbox.c:147:6:HW_IPCC_BLE_RxEvtNot	16	static
tl_mbox.c:170:9:TL_BLE_SendAclData	16	static
tl_mbox.c:182:6:HW_IPCC_BLE_AclDataAckNot	8	static
tl_mbox.c:192:9:TL_SYS_Init	24	static
tl_mbox.c:211:9:TL_SYS_SendCmd	16	static
tl_mbox.c:225:6:HW_IPCC_SYS_CmdEvtNot	8	static
tl_mbox.c:234:6:HW_IPCC_SYS_EvtNot	16	static
tl_mbox.c:387:6:TL_BLE_LLD_Init	24	static
tl_mbox.c:398:6:TL_BLE_LLD_SendCliCmd	8	static
tl_mbox.c:405:6:HW_IPCC_BLE_LLD_ReceiveCliRsp	8	static
tl_mbox.c:411:6:TL_BLE_LLD_SendCliRspAck	8	static
tl_mbox.c:417:6:HW_IPCC_BLE_LLD_ReceiveM0Cmd	8	static
tl_mbox.c:424:6:TL_BLE_LLD_SendM0CmdAck	8	static
tl_mbox.c:430:13:TL_BLE_LLD_ReceiveCliRsp	16	static
tl_mbox.c:431:13:TL_BLE_LLD_ReceiveM0Cmd	16	static
tl_mbox.c:434:6:TL_BLE_LLD_SendCmd	8	static
tl_mbox.c:441:6:HW_IPCC_BLE_LLD_ReceiveRsp	8	static
tl_mbox.c:447:6:TL_BLE_LLD_SendRspAck	8	static
tl_mbox.c:590:6:TL_MM_Init	16	static
tl_mbox.c:610:6:TL_MM_EvtDone	16	static
tl_mbox.c:621:13:SendFreeBuf	16	static
tl_mbox.c:637:6:TL_TRACES_Init	8	static
tl_mbox.c:648:6:HW_IPCC_TRACES_EvtNot	16	static
tl_mbox.c:661:13:TL_TRACES_EvtReceived	16	static
tl_mbox.c:669:13:OutputDbgTrace	24	static
